Component: ARM Compiler 5.06 update 7 (build 960) Tool: armlink [4d3601]

==============================================================================

Section Cross References

    startup_stm32f407xx.o(RESET) refers to startup_stm32f407xx.o(STACK) for __initial_sp
    startup_stm32f407xx.o(RESET) refers to startup_stm32f407xx.o(.text) for Reset_Handler
    startup_stm32f407xx.o(RESET) refers to stm32f4xx_it.o(i.NMI_Handler) for NMI_Handler
    startup_stm32f407xx.o(RESET) refers to stm32f4xx_it.o(i.HardFault_Handler) for HardFault_Handler
    startup_stm32f407xx.o(RESET) refers to stm32f4xx_it.o(i.MemManage_Handler) for MemManage_Handler
    startup_stm32f407xx.o(RESET) refers to stm32f4xx_it.o(i.BusFault_Handler) for BusFault_Handler
    startup_stm32f407xx.o(RESET) refers to stm32f4xx_it.o(i.UsageFault_Handler) for UsageFault_Handler
    startup_stm32f407xx.o(RESET) refers to stm32f4xx_it.o(i.SVC_Handler) for SVC_Handler
    startup_stm32f407xx.o(RESET) refers to stm32f4xx_it.o(i.DebugMon_Handler) for DebugMon_Handler
    startup_stm32f407xx.o(RESET) refers to stm32f4xx_it.o(i.PendSV_Handler) for PendSV_Handler
    startup_stm32f407xx.o(RESET) refers to stm32f4xx_it.o(i.SysTick_Handler) for SysTick_Handler
    startup_stm32f407xx.o(RESET) refers to stm32f4xx_it.o(i.EXTI0_IRQHandler) for EXTI0_IRQHandler
    startup_stm32f407xx.o(RESET) refers to stm32f4xx_it.o(i.EXTI4_IRQHandler) for EXTI4_IRQHandler
    startup_stm32f407xx.o(RESET) refers to stm32f4xx_it.o(i.USART1_IRQHandler) for USART1_IRQHandler
    startup_stm32f407xx.o(.text) refers to system_stm32f4xx.o(i.SystemInit) for SystemInit
    startup_stm32f407xx.o(.text) refers to entry.o(.ARM.Collect$$$$00000000) for __main
    lcd.o(i.LCD_Clear) refers to lcd.o(i.LCD_SetCursor) for LCD_SetCursor
    lcd.o(i.LCD_Clear) refers to lcd.o(i.LCD_WriteRAM_Prepare) for LCD_WriteRAM_Prepare
    lcd.o(i.LCD_Clear) refers to lcd.o(.bss) for .bss
    lcd.o(i.LCD_Color_Fill) refers to lcd.o(i.LCD_SetCursor) for LCD_SetCursor
    lcd.o(i.LCD_Color_Fill) refers to lcd.o(i.LCD_WriteRAM_Prepare) for LCD_WriteRAM_Prepare
    lcd.o(i.LCD_DisplayOff) refers to lcd.o(i.LCD_WR_REG) for LCD_WR_REG
    lcd.o(i.LCD_DisplayOff) refers to lcd.o(.bss) for .bss
    lcd.o(i.LCD_DisplayOn) refers to lcd.o(i.LCD_WR_REG) for LCD_WR_REG
    lcd.o(i.LCD_DisplayOn) refers to lcd.o(.bss) for .bss
    lcd.o(i.LCD_Display_Dir) refers to lcd.o(i.LCD_Scan_Dir) for LCD_Scan_Dir
    lcd.o(i.LCD_Display_Dir) refers to lcd.o(.bss) for .bss
    lcd.o(i.LCD_DrawLine) refers to lcd.o(i.LCD_DrawPoint) for LCD_DrawPoint
    lcd.o(i.LCD_DrawPoint) refers to lcd.o(i.LCD_SetCursor) for LCD_SetCursor
    lcd.o(i.LCD_DrawPoint) refers to lcd.o(i.LCD_WriteRAM_Prepare) for LCD_WriteRAM_Prepare
    lcd.o(i.LCD_DrawPoint) refers to lcd.o(.data) for .data
    lcd.o(i.LCD_DrawRectangle) refers to lcd.o(i.LCD_DrawLine) for LCD_DrawLine
    lcd.o(i.LCD_Draw_Circle) refers to lcd.o(i.LCD_DrawPoint) for LCD_DrawPoint
    lcd.o(i.LCD_Fast_DrawPoint) refers to lcd.o(i.LCD_WR_REG) for LCD_WR_REG
    lcd.o(i.LCD_Fast_DrawPoint) refers to lcd.o(i.LCD_WR_DATA) for LCD_WR_DATA
    lcd.o(i.LCD_Fast_DrawPoint) refers to lcd.o(.bss) for .bss
    lcd.o(i.LCD_Fill) refers to lcd.o(i.LCD_SetCursor) for LCD_SetCursor
    lcd.o(i.LCD_Fill) refers to lcd.o(i.LCD_WriteRAM_Prepare) for LCD_WriteRAM_Prepare
    lcd.o(i.LCD_Init) refers to lcd.o(i.LCD_WR_REG) for LCD_WR_REG
    lcd.o(i.LCD_Init) refers to lcd.o(i.LCD_RD_DATA) for LCD_RD_DATA
    lcd.o(i.LCD_Init) refers to printfa.o(i.__0printf) for __2printf
    lcd.o(i.LCD_Init) refers to lcd.o(i.LCD_WR_DATA) for LCD_WR_DATA
    lcd.o(i.LCD_Init) refers to stm32f4xx_hal.o(i.HAL_Delay) for HAL_Delay
    lcd.o(i.LCD_Init) refers to lcd.o(.bss) for .bss
    lcd.o(i.LCD_Init) refers to lcd.o(i.LCD_WriteReg) for LCD_WriteReg
    lcd.o(i.LCD_Init) refers to lcd.o(i.delay_us) for delay_us
    lcd.o(i.LCD_Init) refers to lcd.o(i.LCD_SSD_BackLightSet) for LCD_SSD_BackLightSet
    lcd.o(i.LCD_Init) refers to lcd.o(i.LCD_Display_Dir) for LCD_Display_Dir
    lcd.o(i.LCD_Init) refers to stm32f4xx_hal_gpio.o(i.HAL_GPIO_WritePin) for HAL_GPIO_WritePin
    lcd.o(i.LCD_Init) refers to lcd.o(i.LCD_Clear) for LCD_Clear
    lcd.o(i.LCD_ReadPoint) refers to lcd.o(i.LCD_SetCursor) for LCD_SetCursor
    lcd.o(i.LCD_ReadPoint) refers to lcd.o(i.LCD_WR_REG) for LCD_WR_REG
    lcd.o(i.LCD_ReadPoint) refers to lcd.o(i.LCD_RD_DATA) for LCD_RD_DATA
    lcd.o(i.LCD_ReadPoint) refers to lcd.o(.bss) for .bss
    lcd.o(i.LCD_ReadReg) refers to lcd.o(i.LCD_WR_REG) for LCD_WR_REG
    lcd.o(i.LCD_ReadReg) refers to lcd.o(i.delay_us) for delay_us
    lcd.o(i.LCD_ReadReg) refers to lcd.o(i.LCD_RD_DATA) for LCD_RD_DATA
    lcd.o(i.LCD_SSD_BackLightSet) refers to lcd.o(i.LCD_WR_REG) for LCD_WR_REG
    lcd.o(i.LCD_SSD_BackLightSet) refers to lcd.o(i.LCD_WR_DATA) for LCD_WR_DATA
    lcd.o(i.LCD_SSD_BackLightSet) refers to dfltui.o(.text) for __aeabi_ui2d
[...]
    ..\Users\RRR\FIRFilter.c                 0x00000000   Number         0  firfilter.o ABSOLUTE
    ..\Users\RRR\IIRFilter.c                 0x00000000   Number         0  iirfilter.o ABSOLUTE
    ..\Users\filter\filter.c                 0x00000000   Number         0  filter.o ABSOLUTE
    ..\Users\lcd\lcd.c                       0x00000000   Number         0  lcd.o ABSOLUTE
    ..\Users\queue\queue.c                   0x00000000   Number         0  queue.o ABSOLUTE
    ..\\Users\\ADSS\\ADS1292.c               0x00000000   Number         0  ads1292.o ABSOLUTE
    ..\\Users\\RRR\\FIRFilter.c              0x00000000   Number         0  firfilter.o ABSOLUTE
    ..\\Users\\RRR\\IIRFilter.c              0x00000000   Number         0  iirfilter.o ABSOLUTE
    ..\\Users\\lcd\\lcd.c                    0x00000000   Number         0  lcd.o ABSOLUTE
    ..\\Users\\queue\\queue.c                0x00000000   Number         0  queue.o ABSOLUTE
    D:/keil5/packs/ARM/CMSIS-DSP/1.14.2/Source/BasicMathFunctions/BasicMathFunctions.c 0x00000000   Number         0  basicmathfunctions.o ABSOLUTE
    D:/keil5/packs/ARM/CMSIS-DSP/1.14.2/Source/BasicMathFunctions/BasicMathFunctionsF16.c 0x00000000   Number         0  basicmathfunctionsf16.o ABSOLUTE
    D:/keil5/packs/ARM/CMSIS-DSP/1.14.2/Source/BayesFunctions/BayesFunctions.c 0x00000000   Number         0  bayesfunctions.o ABSOLUTE
    D:/keil5/packs/ARM/CMSIS-DSP/1.14.2/Source/BayesFunctions/BayesFunctionsF16.c 0x00000000   Number         0  bayesfunctionsf16.o ABSOLUTE
    D:/keil5/packs/ARM/CMSIS-DSP/1.14.2/Source/CommonTables/CommonTables.c 0x00000000   Number         0  commontables.o ABSOLUTE
    D:/keil5/packs/ARM/CMSIS-DSP/1.14.2/Source/CommonTables/CommonTablesF16.c 0x00000000   Number         0  commontablesf16.o ABSOLUTE
    D:/keil5/packs/ARM/CMSIS-DSP/1.14.2/Source/ComplexMathFunctions/ComplexMathFunctions.c 0x00000000   Number         0  complexmathfunctions.o ABSOLUTE
    D:/keil5/packs/ARM/CMSIS-DSP/1.14.2/Source/ComplexMathFunctions/ComplexMathFunctionsF16.c 0x00000000   Number         0  complexmathfunctionsf16.o ABSOLUTE
    D:/keil5/packs/ARM/CMSIS-DSP/1.14.2/Source/ControllerFunctions/ControllerFunctions.c 0x00000000   Number         0  controllerfunctions.o ABSOLUTE
    D:/keil5/packs/ARM/CMSIS-DSP/1.14.2/Source/DistanceFunctions/DistanceFunctions.c 0x00000000   Number         0  distancefunctions.o ABSOLUTE
    D:/keil5/packs/ARM/CMSIS-DSP/1.14.2/Source/DistanceFunctions/DistanceFunctionsF16.c 0x00000000   Number         0  distancefunctionsf16.o ABSOLUTE
    D:/keil5/packs/ARM/CMSIS-DSP/1.14.2/Source/FastMathFunctions/FastMathFunctions.c 0x00000000   Number         0  fastmathfunctions.o ABSOLUTE
    D:/keil5/packs/ARM/CMSIS-DSP/1.14.2/Source/FastMathFunctions/FastMathFunctionsF16.c 0x00000000   Number         0  fastmathfunctionsf16.o ABSOLUTE
    D:/keil5/packs/ARM/CMSIS-DSP/1.14.2/Source/FilteringFunctions/FilteringFunctions.c 0x00000000   Number         0  filteringfunctions.o ABSOLUTE
    D:/keil5/packs/ARM/CMSIS-DSP/1.14.2/Source/FilteringFunctions/FilteringFunctionsF16.c 0x00000000   Number         0  filteringfunctionsf16.o ABSOLUTE
    D:/keil5/packs/ARM/CMSIS-DSP/1.14.2/Source/InterpolationFunctions/InterpolationFunctions.c 0x00000000   Number         0  interpolationfunctions.o ABSOLUTE
    D:/keil5/packs/ARM/CMSIS-DSP/1.14.2/Source/InterpolationFunctions/InterpolationFunctionsF16.c 0x00000000   Number         0  interpolationfunctionsf16.o ABSOLUTE
    D:/keil5/packs/ARM/CMSIS-DSP/1.14.2/Source/MatrixFunctions/MatrixFunctions.c 0x00000000   Number         0  matrixfunctions.o ABSOLUTE
    D:/keil5/packs/ARM/CMSIS-DSP/1.14.2/Source/MatrixFunctions/MatrixFunctionsF16.c 0x00000000   Number         0  matrixfunctionsf16.o ABSOLUTE
    D:/keil5/packs/ARM/CMSIS-DSP/1.14.2/Source/QuaternionMathFunctions/QuaternionMathFunctions.c 0x00000000   Number         0  quaternionmathfunctions.o ABSOLUTE
    D:/keil5/packs/ARM/CMSIS-DSP/1.14.2/Source/SVMFunctions/SVMFunctions.c 0x00000000   Number         0  svmfunctions.o ABSOLUTE
    D:/keil5/packs/ARM/CMSIS-DSP/1.14.2/Source/SVMFunctions/SVMFunctionsF16.c 0x00000000   Number         0  svmfunctionsf16.o ABSOLUTE
    D:/keil5/packs/ARM/CMSIS-DSP/1.14.2/Source/StatisticsFunctions/StatisticsFunctions.c 0x00000000   Number         0  statisticsfunctions.o ABSOLUTE
    D:/keil5/packs/ARM/CMSIS-DSP/1.14.2/Source/StatisticsFunctions/StatisticsFunctionsF16.c 0x00000000   Number         0  statisticsfunctionsf16.o ABSOLUTE
    D:/keil5/packs/ARM/CMSIS-DSP/1.14.2/Source/SupportFunctions/SupportFunctions.c 0x00000000   Number         0  supportfunctions.o ABSOLUTE
    D:/keil5/packs/ARM/CMSIS-DSP/1.14.2/Source/SupportFunctions/SupportFunctionsF16.c 0x00000000   Number         0  supportfunctionsf16.o ABSOLUTE
    D:/keil5/packs/ARM/CMSIS-DSP/1.14.2/Source/TransformFunctions/TransformFunctions.c 0x00000000   Number         0  transformfunctions.o ABSOLUTE
    D:/keil5/packs/ARM/CMSIS-DSP/1.14.2/Source/TransformFunctions/TransformFunctionsF16.c 0x00000000   Number         0  transformfunctionsf16.o ABSOLUTE
    D:\keil5\packs\ARM\CMSIS-DSP\1.14.2\Source\BasicMathFunctions\BasicMathFunctions.c 0x00000000   Number         0  basicmathfunctions.o ABSOLUTE
    D:\keil5\packs\ARM\CMSIS-DSP\1.14.2\Source\BasicMathFunctions\BasicMathFunctionsF16.c 0x00000000   Number         0  basicmathfunctionsf16.o ABSOLUTE
    D:\keil5\packs\ARM\CMSIS-DSP\1.14.2\Source\BayesFunctions\BayesFunctions.c 0x00000000   Number         0  bayesfunctions.o ABSOLUTE
    D:\keil5\packs\ARM\CMSIS-DSP\1.14.2\Source\BayesFunctions\BayesFunctionsF16.c 0x00000000   Number         0  bayesfunctionsf16.o ABSOLUTE
    D:\keil5\packs\ARM\CMSIS-DSP\1.14.2\Source\CommonTables\CommonTables.c 0x00000000   Number         0  commontables.o ABSOLUTE
    D:\keil5\packs\ARM\CMSIS-DSP\1.14.2\Source\CommonTables\CommonTablesF16.c 0x00000000   Number         0  commontablesf16.o ABSOLUTE
    D:\keil5\packs\ARM\CMSIS-DSP\1.14.2\Source\ComplexMathFunctions\ComplexMathFunctions.c 0x00000000   Number         0  complexmathfunctions.o ABSOLUTE
    D:\keil5\packs\ARM\CMSIS-DSP\1.14.2\Source\ComplexMathFunctions\ComplexMathFunctionsF16.c 0x00000000   Number         0  complexmathfunctionsf16.o ABSOLUTE
    D:\keil5\packs\ARM\CMSIS-DSP\1.14.2\Source\ControllerFunctions\ControllerFunctions.c 0x00000000   Number         0  controllerfunctions.o ABSOLUTE
    D:\keil5\packs\ARM\CMSIS-DSP\1.14.2\Source\DistanceFunctions\DistanceFunctions.c 0x00000000   Number         0  distancefunctions.o ABSOLUTE
    D:\keil5\packs\ARM\CMSIS-DSP\1.14.2\Source\DistanceFunctions\DistanceFunctionsF16.c 0x00000000   Number         0  distancefunctionsf16.o ABSOLUTE
    D:\keil5\packs\ARM\CMSIS-DSP\1.14.2\Source\FastMathFunctions\FastMathFunctions.c 0x00000000   Number         0  fastmathfunctions.o ABSOLUTE
    D:\keil5\packs\ARM\CMSIS-DSP\1.14.2\Source\FastMathFunctions\FastMathFunctionsF16.c 0x00000000   Number         0  fastmathfunctionsf16.o ABSOLUTE
    D:\keil5\packs\ARM\CMSIS-DSP\1.14.2\Source\FilteringFunctions\FilteringFunctions.c 0x00000000   Number         0  filteringfunctions.o ABSOLUTE
    D:\keil5\packs\ARM\CMSIS-DSP\1.14.2\Source\FilteringFunctions\FilteringFunctionsF16.c 0x00000000   Number         0  filteringfunctionsf16.o ABSOLUTE
    D:\keil5\packs\ARM\CMSIS-DSP\1.14.2\Source\InterpolationFunctions\InterpolationFunctions.c 0x00000000   Number         0  interpolationfunctions.o ABSOLUTE
    D:\keil5\packs\ARM\CMSIS-DSP\1.14.2\Source\InterpolationFunctions\InterpolationFunctionsF16.c 0x00000000   Number         0  interpolationfunctionsf16.o ABSOLUTE
    D:\keil5\packs\ARM\CMSIS-DSP\1.14.2\Source\MatrixFunctions\MatrixFunctions.c 0x00000000   Number         0  matrixfunctions.o ABSOLUTE
    D:\keil5\packs\ARM\CMSIS-DSP\1.14.2\Source\MatrixFunctions\MatrixFunctionsF16.c 0x00000000   Number         0  matrixfunctionsf16.o ABSOLUTE
    D:\keil5\packs\ARM\CMSIS-DSP\1.14.2\Source\QuaternionMathFunctions\QuaternionMathFunctions.c 0x00000000   Number         0  quaternionmathfunctions.o ABSOLUTE
    D:\keil5\packs\ARM\CMSIS-DSP\1.14.2\Source\SVMFunctions\SVMFunctions.c 0x00000000   Number         0  svmfunctions.o ABSOLUTE
    D:\keil5\packs\ARM\CMSIS-DSP\1.14.2\Source\SVMFunctions\SVMFunctionsF16.c 0x00000000   Number         0  svmfunctionsf16.o ABSOLUTE
    D:\keil5\packs\ARM\CMSIS-DSP\1.14.2\Source\StatisticsFunctions\StatisticsFunctions.c 0x00000000   Number         0  statisticsfunctions.o ABSOLUTE
    D:\keil5\packs\ARM\CMSIS-DSP\1.14.2\Source\StatisticsFunctions\StatisticsFunctionsF16.c 0x00000000   Number         0  statisticsfunctionsf16.o ABSOLUTE
    D:\keil5\packs\ARM\CMSIS-DSP\1.14.2\Source\SupportFunctions\SupportFunctions.c 0x00000000   Number         0  supportfunctions.o ABSOLUTE
    D:\keil5\packs\ARM\CMSIS-DSP\1.14.2\Source\SupportFunctions\SupportFunctionsF16.c 0x00000000   Number         0  supportfunctionsf16.o ABSOLUTE
    D:\keil5\packs\ARM\CMSIS-DSP\1.14.2\Source\TransformFunctions\TransformFunctions.c 0x00000000   Number         0  transformfunctions.o ABSOLUTE
    D:\keil5\packs\ARM\CMSIS-DSP\1.14.2\Source\TransformFunctions\TransformFunctionsF16.c 0x00000000   Number         0  transformfunctionsf16.o ABSOLUTE
    cdcmple.s                                0x00000000   Number         0  cdcmple.o ABSOLUTE
    cdrcmple.s                               0x00000000   Number         0  cdrcmple.o ABSOLUTE
    dc.s                                     0x00000000   Number         0  dc.o ABSOLUTE
    handlers.s                               0x00000000   Number         0  handlers.o ABSOLUTE
    init.s                                   0x00000000   Number         0  init.o ABSOLUTE
    startup_stm32f407xx.s                    0x00000000   Number         0  startup_stm32f407xx.o ABSOLUTE
    RESET                                    0x08000000   Section      392  startup_stm32f407xx.o(RESET)
    .ARM.Collect$$$$00000000                 0x08000188   Section        0  entry.o(.ARM.Collect$$$$00000000)
    .ARM.Collect$$$$00000001                 0x08000188   Section        4  entry2.o(.ARM.Collect$$$$00000001)
    .ARM.Collect$$$$00000004                 0x0800018c   Section        4  entry5.o(.ARM.Collect$$$$00000004)
    .ARM.Collect$$$$00000008                 0x08000190   Section        0  entry7b.o(.ARM.Collect$$$$00000008)
    .ARM.Collect$$$$0000000A                 0x08000190   Section        0  entry8b.o(.ARM.Collect$$$$0000000A)
    .ARM.Collect$$$$0000000B                 0x08000190   Section        8  entry9a.o(.ARM.Collect$$$$0000000B)
    .ARM.Collect$$$$0000000E                 0x08000198   Section        4  entry12b.o(.ARM.Collect$$$$0000000E)
    .ARM.Collect$$$$0000000F                 0x0800019c   Section        0  entry10a.o(.ARM.Collect$$$$0000000F)
    .ARM.Collect$$$$00000011                 0x0800019c   Section        0  entry11a.o(.ARM.Collect$$$$00000011)
    .ARM.Collect$$$$00002712                 0x0800019c   Section        4  entry2.o(.ARM.Collect$$$$00002712)
    __lit__00000000                          0x0800019c   Data           4  entry2.o(.ARM.Collect$$$$00002712)
    .text                                    0x080001a0   Section       36  startup_stm32f407xx.o(.text)
    $v0                                      0x080001a0   Number         0  startup_stm32f407xx.o(.text)
    .text                                    0x080001c4   Section        0  uldiv.o(.text)
    .text                                    0x08000226   Section        0  llshl.o(.text)
    .text                                    0x08000244   Section        0  llsshr.o(.text)
    .text                                    0x08000268   Section        0  memseta.o(.text)
    .text                                    0x0800028c   Section        0  dadd.o(.text)
    .text                                    0x080003da   Section        0  dmul.o(.text)
    .text                                    0x080004be   Section        0  ddiv.o(.text)
    .text                                    0x0800059c   Section        0  dflti.o(.text)
    .text                                    0x080005be   Section        0  dfltui.o(.text)
    .text                                    0x080005d8   Section        0  dfixi.o(.text)
    .text                                    0x08000616   Section        0  dfixui.o(.text)
    .text                                    0x08000648   Section        0  f2d.o(.text)
    .text                                    0x08000670   Section       48  cdrcmple.o(.text)
    .text                                    0x080006a0   Section        0  uidiv.o(.text)
    .text                                    0x080006cc   Section        0  llushr.o(.text)
    .text                                    0x080006ec   Section        0  depilogue.o(.text)
    .text                                    0x080006ec   Section        0  iusefp.o(.text)
    .text                                    0x080007a6   Section        0  dfixul.o(.text)
    .text                                    0x080007d8   Section       36  init.o(.text)
    .text                                    0x080007fc   Section        0  __dclz77c.o(.text)
    i.ADS1292R_CMD                           0x0800085c   Section        0  ads1292.o(i.ADS1292R_CMD)
    i.ADS1292R_Init                          0x08000890   Section        0  ads1292.o(i.ADS1292R_Init)
    i.ADS1292R_PowerOnInit                   0x080008c4   Section        0  ads1292.o(i.ADS1292R_PowerOnInit)
    i.ADS1292R_REG                           0x08000964   Section        0  ads1292.o(i.ADS1292R_REG)
    i.ADS1292R_ReadData                      0x080009b4   Section        0  ads1292.o(i.ADS1292R_ReadData)
    i.ADS1292R_SPI_RW                        0x080009fc   Section        0  ads1292.o(i.ADS1292R_SPI_RW)
    i.ADS1292R_Work                          0x08000a24   Section        0  ads1292.o(i.ADS1292R_Work)
    i.BusFault_Handler                       0x08000a44   Section        0  stm32f4xx_it.o(i.BusFault_Handler)
    i.DebugMon_Handler                       0x08000a46   Section        0  stm32f4xx_it.o(i.DebugMon_Handler)
    i.DrawFFT                                0x08000a48   Section        0  main.o(i.DrawFFT)
    i.Draw_ECG_Waveform                      0x08000b54   Section        0  main.o(i.Draw_ECG_Waveform)
    i.EXTI0_IRQHandler                       0x08000bcc   Section        0  stm32f4xx_it.o(i.EXTI0_IRQHandler)
    i.EXTI4_IRQHandler                       0x08000bd4   Section        0  stm32f4xx_it.o(i.EXTI4_IRQHandler)
    i.Error_Handler                          0x08000bf4   Section        0  main.o(i.Error_Handler)
    i.FIRFilter                              0x08000bf8   Section        0  firfilter.o(i.FIRFilter)
    i.FIRInit                                0x08000d2c   Section        0  firfilter.o(i.FIRInit)
    i.FSMC_NORSRAM_Extended_Timing_Init      0x08000da0   Section        0  stm32f4xx_ll_fsmc.o(i.FSMC_NORSRAM_Extended_Timing_Init)
    i.FSMC_NORSRAM_Init                      0x08000ddc   Section        0  stm32f4xx_ll_fsmc.o(i.FSMC_NORSRAM_Init)
    i.FSMC_NORSRAM_Timing_Init               0x08000e44   Section        0  stm32f4xx_ll_fsmc.o(i.FSMC_NORSRAM_Timing_Init)
    i.HAL_DMA_Abort                          0x08000e88   Section        0  stm32f4xx_hal_dma.o(i.HAL_DMA_Abort)
    i.HAL_DMA_Abort_IT                       0x08000f1a   Section        0  stm32f4xx_hal_dma.o(i.HAL_DMA_Abort_IT)
    i.HAL_Delay                              0x08000f40   Section        0  stm32f4xx_hal.o(i.HAL_Delay)
    i.HAL_FSMC_MspInit                       0x08000f64   Section        0  fsmc.o(i.HAL_FSMC_MspInit)
    HAL_FSMC_MspInit                         0x08000f65   Thumb Code   144  fsmc.o(i.HAL_FSMC_MspInit)
    i.HAL_GPIO_EXTI_Callback                 0x0800100c   Section        0  main.o(i.HAL_GPIO_EXTI_Callback)
    i.HAL_GPIO_EXTI_IRQHandler               0x08001028   Section        0  stm32f4xx_hal_gpio.o(i.HAL_GPIO_EXTI_IRQHandler)
    i.HAL_GPIO_Init                          0x08001040   Section        0  stm32f4xx_hal_gpio.o(i.HAL_GPIO_Init)
    i.HAL_GPIO_ReadPin                       0x08001230   Section        0  stm32f4xx_hal_gpio.o(i.HAL_GPIO_ReadPin)
    i.HAL_GPIO_WritePin                      0x0800123a   Section        0  stm32f4xx_hal_gpio.o(i.HAL_GPIO_WritePin)
    i.HAL_GetTick                            0x08001244   Section        0  stm32f4xx_hal.o(i.HAL_GetTick)
    i.HAL_IncTick                            0x08001250   Section        0  stm32f4xx_hal.o(i.HAL_IncTick)
    i.HAL_Init                               0x08001260   Section        0  stm32f4xx_hal.o(i.HAL_Init)
    i.HAL_InitTick                           0x08001294   Section        0  stm32f4xx_hal.o(i.HAL_InitTick)
    i.HAL_MspInit                            0x080012d4   Section        0  stm32f4xx_hal_msp.o(i.HAL_MspInit)
    i.HAL_NVIC_DisableIRQ                    0x08001304   Section        0  stm32f4xx_hal_cortex.o(i.HAL_NVIC_DisableIRQ)
    i.HAL_NVIC_EnableIRQ                     0x08001326   Section        0  stm32f4xx_hal_cortex.o(i.HAL_NVIC_EnableIRQ)
    i.HAL_NVIC_SetPriority                   0x08001340   Section        0  stm32f4xx_hal_cortex.o(i.HAL_NVIC_SetPriority)
    i.HAL_NVIC_SetPriorityGrouping           0x08001380   Section        0  stm32f4xx_hal_cortex.o(i.HAL_NVIC_SetPriorityGrouping)
    i.HAL_RCC_ClockConfig                    0x080013a4   Section        0  stm32f4xx_hal_rcc.o(i.HAL_RCC_ClockConfig)
    i.HAL_RCC_GetPCLK1Freq                   0x080014d8   Section        0  stm32f4xx_hal_rcc.o(i.HAL_RCC_GetPCLK1Freq)
    i.HAL_RCC_GetPCLK2Freq                   0x080014f8   Section        0  stm32f4xx_hal_rcc.o(i.HAL_RCC_GetPCLK2Freq)
    i.HAL_RCC_GetSysClockFreq                0x08001518   Section        0  stm32f4xx_hal_rcc.o(i.HAL_RCC_GetSysClockFreq)
    i.HAL_RCC_OscConfig                      0x0800157c   Section        0  stm32f4xx_hal_rcc.o(i.HAL_RCC_OscConfig)
    i.HAL_SPI_Init                           0x080018e8   Section        0  stm32f4xx_hal_spi.o(i.HAL_SPI_Init)
    i.HAL_SPI_MspInit                        0x080019a4   Section        0  spi.o(i.HAL_SPI_MspInit)
    i.HAL_SPI_TransmitReceive                0x08001a10   Section        0  stm32f4xx_hal_spi.o(i.HAL_SPI_TransmitReceive)
    i.HAL_SRAM_Init                          0x08001c00   Section        0  stm32f4xx_hal_sram.o(i.HAL_SRAM_Init)
    i.HAL_SRAM_MspInit                       0x08001c5c   Section        0  fsmc.o(i.HAL_SRAM_MspInit)
    i.HAL_SYSTICK_Config                     0x08001c60   Section        0  stm32f4xx_hal_cortex.o(i.HAL_SYSTICK_Config)
    i.HAL_UARTEx_RxEventCallback             0x08001c88   Section        0  stm32f4xx_hal_uart.o(i.HAL_UARTEx_RxEventCallback)
    i.HAL_UART_ErrorCallback                 0x08001c8a   Section        0  stm32f4xx_hal_uart.o(i.HAL_UART_ErrorCallback)
    i.HAL_UART_IRQHandler                    0x08001c8c   Section        0  stm32f4xx_hal_uart.o(i.HAL_UART_IRQHandler)
    i.HAL_UART_Init                          0x08001efc   Section        0  stm32f4xx_hal_uart.o(i.HAL_UART_Init)
    i.HAL_UART_MspInit                       0x08001f60   Section        0  usart.o(i.HAL_UART_MspInit)
    i.HAL_UART_RxCpltCallback                0x08001fdc   Section        0  stm32f4xx_hal_uart.o(i.HAL_UART_RxCpltCallback)
    i.HAL_UART_Transmit                      0x08001fde   Section        0  stm32f4xx_hal_uart.o(i.HAL_UART_Transmit)
    i.HAL_UART_TxCpltCallback                0x0800207e   Section        0  stm32f4xx_hal_uart.o(i.HAL_UART_TxCpltCallback)
    i.HardFault_Handler                      0x08002080   Section        0  stm32f4xx_it.o(i.HardFault_Handler)
    i.IIRFilter                              0x08002084   Section        0  iirfilter.o(i.IIRFilter)
    i.KEY_Scan                               0x080020bc   Section        0  main.o(i.KEY_Scan)
    i.LCD_Clear                              0x08002188   Section        0  lcd.o(i.LCD_Clear)
    i.LCD_Display_Dir                        0x080021bc   Section        0  lcd.o(i.LCD_Display_Dir)
    i.LCD_DrawLine                           0x08002274   Section        0  lcd.o(i.LCD_DrawLine)
    i.LCD_DrawPoint                          0x08002310   Section        0  lcd.o(i.LCD_DrawPoint)
    i.LCD_Fast_DrawPoint                     0x0800232c   Section        0  lcd.o(i.LCD_Fast_DrawPoint)
    i.LCD_Init                               0x080023fc   Section        0  lcd.o(i.LCD_Init)
    i.LCD_RD_DATA                            0x080048e8   Section        0  lcd.o(i.LCD_RD_DATA)
    i.LCD_SSD_BackLightSet                   0x080048fc   Section        0  lcd.o(i.LCD_SSD_BackLightSet)
    i.LCD_Scan_Dir                           0x0800494c   Section        0  lcd.o(i.LCD_Scan_Dir)
    i.LCD_SetCursor                          0x08004acc   Section        0  lcd.o(i.LCD_SetCursor)
    i.LCD_ShowChar                           0x08004bc0   Section        0  lcd.o(i.LCD_ShowChar)
    i.LCD_ShowFloat                          0x08004ca4   Section        0  lcd.o(i.LCD_ShowFloat)
    i.LCD_ShowNum                            0x08004d70   Section        0  lcd.o(i.LCD_ShowNum)
    i.LCD_ShowString                         0x08004de6   Section        0  lcd.o(i.LCD_ShowString)
    i.LCD_ShowxNum                           0x08004e3a   Section        0  lcd.o(i.LCD_ShowxNum)
    i.LCD_WR_DATA                            0x08004ec0   Section        0  lcd.o(i.LCD_WR_DATA)
    i.LCD_WR_REG                             0x08004ed8   Section        0  lcd.o(i.LCD_WR_REG)
    i.LCD_WriteRAM_Prepare                   0x08004ef0   Section        0  lcd.o(i.LCD_WriteRAM_Prepare)
    i.LCD_WriteReg                           0x08004f04   Section        0  lcd.o(i.LCD_WriteReg)
    i.MX_FSMC_Init                           0x08004f10   Section        0  fsmc.o(i.MX_FSMC_Init)
    i.MX_GPIO_Init                           0x08004f9c   Section        0  gpio.o(i.MX_GPIO_Init)
    i.MX_SPI3_Init                           0x080050fc   Section        0  spi.o(i.MX_SPI3_Init)
    i.MX_USART1_UART_Init                    0x08005144   Section        0  usart.o(i.MX_USART1_UART_Init)
    i.MemManage_Handler                      0x0800517c   Section        0  stm32f4xx_it.o(i.MemManage_Handler)
    i.NMI_Handler                            0x0800517e   Section        0  stm32f4xx_it.o(i.NMI_Handler)
    i.PendSV_Handler                         0x08005180   Section        0  stm32f4xx_it.o(i.PendSV_Handler)
    i.PowerOnNormal                          0x08005182   Section        0  ads1292.o(i.PowerOnNormal)
    i.PowerOnTest                            0x080051c6   Section        0  ads1292.o(i.PowerOnTest)
    i.SPI_EndRxTxTransaction                 0x0800520c   Section        0  stm32f4xx_hal_spi.o(i.SPI_EndRxTxTransaction)
    SPI_EndRxTxTransaction                   0x0800520d   Thumb Code    98  stm32f4xx_hal_spi.o(i.SPI_EndRxTxTransaction)
    i.SPI_WaitFlagStateUntilTimeout          0x08005278   Section        0  stm32f4xx_hal_spi.o(i.SPI_WaitFlagStateUntilTimeout)
    SPI_WaitFlagStateUntilTimeout            0x08005279   Thumb Code   180  stm32f4xx_hal_spi.o(i.SPI_WaitFlagStateUntilTimeout)
    i.SVC_Handler                            0x08005330   Section        0  stm32f4xx_it.o(i.SVC_Handler)
    i.SysTick_Handler                        0x08005332   Section        0  stm32f4xx_it.o(i.SysTick_Handler)
    i.SystemClock_Config                     0x08005338   Section        0  main.o(i.SystemClock_Config)
    i.SystemInit                             0x080053cc   Section        0  system_stm32f4xx.o(i.SystemInit)
    i.UART_DMAAbortOnError                   0x080053dc   Section        0  stm32f4xx_hal_uart.o(i.UART_DMAAbortOnError)
    UART_DMAAbortOnError                     0x080053dd   Thumb Code    16  stm32f4xx_hal_uart.o(i.UART_DMAAbortOnError)
    i.UART_EndRxTransfer                     0x080053ec   Section        0  stm32f4xx_hal_uart.o(i.UART_EndRxTransfer)
    UART_EndRxTransfer                       0x080053ed   Thumb Code    78  stm32f4xx_hal_uart.o(i.UART_EndRxTransfer)
    i.UART_Receive_IT                        0x0800543a   Section        0  stm32f4xx_hal_uart.o(i.UART_Receive_IT)
    UART_Receive_IT                          0x0800543b   Thumb Code   194  stm32f4xx_hal_uart.o(i.UART_Receive_IT)
    i.UART_SetConfig                         0x080054fc   Section        0  stm32f4xx_hal_uart.o(i.UART_SetConfig)
    UART_SetConfig                           0x080054fd   Thumb Code   258  stm32f4xx_hal_uart.o(i.UART_SetConfig)
    i.UART_WaitOnFlagUntilTimeout            0x08005608   Section        0  stm32f4xx_hal_uart.o(i.UART_WaitOnFlagUntilTimeout)
    UART_WaitOnFlagUntilTimeout              0x08005609   Thumb Code   114  stm32f4xx_hal_uart.o(i.UART_WaitOnFlagUntilTimeout)
    i.USART1_IRQHandler                      0x0800567c   Section        0  stm32f4xx_it.o(i.USART1_IRQHandler)
    i.UsageFault_Handler                     0x08005688   Section        0  stm32f4xx_it.o(i.UsageFault_Handler)
    i._LCD_Pow                               0x0800568a   Section        0  lcd.o(i._LCD_Pow)
    i.__0printf                              0x0800569c   Section        0  printfa.o(i.__0printf)
    i.__NVIC_SetPriority                     0x080056bc   Section        0  stm32f4xx_hal_cortex.o(i.__NVIC_SetPriority)
    __NVIC_SetPriority                       0x080056bd   Thumb Code    32  stm32f4xx_hal_cortex.o(i.__NVIC_SetPriority)
    i.__scatterload_copy                     0x080056dc   Section       14  handlers.o(i.__scatterload_copy)
    i.__scatterload_null                     0x080056ea   Section        2  handlers.o(i.__scatterload_null)
    i.__scatterload_zeroinit                 0x080056ec   Section       14  handlers.o(i.__scatterload_zeroinit)
    i._fp_digits                             0x080056fc   Section        0  printfa.o(i._fp_digits)
    _fp_digits                               0x080056fd   Thumb Code   366  printfa.o(i._fp_digits)
    i._printf_core                           0x08005880   Section        0  printfa.o(i._printf_core)
    _printf_core                             0x08005881   Thumb Code  1704  printfa.o(i._printf_core)
    i._printf_post_padding                   0x08005f34   Section        0  printfa.o(i._printf_post_padding)
    _printf_post_padding                     0x08005f35   Thumb Code    36  printfa.o(i._printf_post_padding)
    i._printf_pre_padding                    0x08005f58   Section        0  printfa.o(i._printf_pre_padding)
    _printf_pre_padding                      0x08005f59   Thumb Code    46  printfa.o(i._printf_pre_padding)
    i.arm_bitreversal_f32                    0x08005f86   Section        0  transformfunctions.o(i.arm_bitreversal_f32)
    i.arm_cfft_radix4_f32                    0x0800602e   Section        0  transformfunctions.o(i.arm_cfft_radix4_f32)
    i.arm_cfft_radix4_init_f32               0x0800606c   Section        0  transformfunctions.o(i.arm_cfft_radix4_init_f32)
    i.arm_cmplx_mag_f32                      0x0800611c   Section        0  complexmathfunctions.o(i.arm_cmplx_mag_f32)
    i.arm_radix4_butterfly_f32               0x08006160   Section        0  transformfunctions.o(i.arm_radix4_butterfly_f32)
    i.arm_radix4_butterfly_inverse_f32       0x080062a4   Section        0  transformfunctions.o(i.arm_radix4_butterfly_inverse_f32)
    i.axis_drawing                           0x080064bc   Section        0  main.o(i.axis_drawing)
    i.calc_heartbeat_rate                    0x08006500   Section        0  firfilter.o(i.calc_heartbeat_rate)
    i.data_trans                             0x080065b0   Section        0  ads1292.o(i.data_trans)
    i.delay_us                               0x080065fc   Section        0  lcd.o(i.delay_us)
    i.fputc                                  0x0800660c   Section        0  main.o(i.fputc)
    i.heartbeat_check                        0x08006624   Section        0  firfilter.o(i.heartbeat_check)
    i.main                                   0x08006654   Section        0  main.o(i.main)
    i.normal_mode                            0x08006700   Section        0  main.o(i.normal_mode)
    i.queueInit                              0x08006804   Section        0  queue.o(i.queueInit)
    i.queuePop                               0x08006814   Section        0  queue.o(i.queuePop)
    i.queuePush                              0x08006848   Section        0  queue.o(i.queuePush)
    i.test_mode                              0x08006870   Section        0  main.o(i.test_mode)
    .constdata                               0x080068b0   Section    18240  lcd.o(.constdata)
    .constdata                               0x0800aff0   Section       16  system_stm32f4xx.o(.constdata)
    .constdata                               0x0800b000   Section        8  system_stm32f4xx.o(.constdata)
    .constdata                               0x0800b008   Section     2048  commontables.o(.constdata)
    .constdata                               0x0800b808   Section    32768  commontables.o(.constdata)
    .data                                    0x20000000   Section        8  lcd.o(.data)
    .data                                    0x20000008   Section     1336  firfilter.o(.data)
    heartbeat_thresh                         0x2000000c   Data           4  firfilter.o(.data)
    is_init                                  0x20000010   Data           4  firfilter.o(.data)
    up_value                                 0x20000014   Data           4  firfilter.o(.data)
    down_value                               0x20000018   Data           4  firfilter.o(.data)
    sampling_rate                            0x20000020   Data           8  firfilter.o(.data)
    heartbeat_rate                           0x20000028   Data           8  firfilter.o(.data)
    heartbeat_timestamp                      0x20000030   Data           8  firfilter.o(.data)
    B                                        0x20000038   Data        1288  firfilter.o(.data)
    .data                                    0x20000540   Section       20  iirfilter.o(.data)
    .data                                    0x20000554   Section       16  ads1292.o(.data)
    .data                                    0x20000568   Section       32  main.o(.data)
    key_up                                   0x20000569   Data           1  main.o(.data)
    global_x                                 0x2000056e   Data           2  main.o(.data)
    prev_x                                   0x20000570   Data           2  main.o(.data)
    prev_y                                   0x20000572   Data           2  main.o(.data)
    .data                                    0x20000588   Section        8  fsmc.o(.data)
    FSMC_Initialized                         0x20000588   Data           4  fsmc.o(.data)
    FSMC_DeInitialized                       0x2000058c   Data           4  fsmc.o(.data)
    .data                                    0x20000590   Section       12  stm32f4xx_hal.o(.data)
    .data                                    0x2000059c   Section        4  system_stm32f4xx.o(.data)
    .data                                    0x200005a0   Section        4  stdout.o(.data)
    .bss                                     0x200005a4   Section       14  lcd.o(.bss)
    .bss                                     0x200005b8   Section     1952  firfilter.o(.bss)
    .bss                                     0x20000d58   Section        9  ads1292.o(.bss)
    .bss                                     0x20000d64   Section    14356  main.o(.bss)
    .bss                                     0x20004578   Section       80  fsmc.o(.bss)
    .bss                                     0x200045c8   Section       88  spi.o(.bss)
    .bss                                     0x20004620   Section       72  usart.o(.bss)
    STACK                                    0x20004668   Section     1024  startup_stm32f407xx.o(STACK)

    Global Symbols

    Symbol Name                              Value     Ov Type        Size  Object(Section)

    BuildAttributes$$THM_ISAv4$E$P$D$K$B$S$7EM$VFPi3$EXTD16$VFPS$VFMA$PE$A:L22UL41UL21$X:L11$S22US41US21$IEEE1$IW$USESV6$~STKCKD$USESV7$~SHL$OTIME$ROPI$IEEEX$EBA8$MICROLIB$REQ8$PRES8$EABIv2 0x00000000   Number         0  anon$$obj.o ABSOLUTE
    __ARM_use_no_argv                        0x00000000   Number         0  main.o ABSOLUTE
    _printf_a                                0x00000000   Number         0  stubs.o ABSOLUTE
    _printf_c                                0x00000000   Number         0  stubs.o ABSOLUTE
    _printf_charcount                        0x00000000   Number         0  stubs.o ABSOLUTE
    _printf_d                                0x00000000   Number         0  stubs.o ABSOLUTE
    _printf_e                                0x00000000   Number         0  stubs.o ABSOLUTE
    _printf_f                                0x00000000   Number         0  stubs.o ABSOLUTE
    _printf_flags                            0x00000000   Number         0  stubs.o ABSOLUTE
    _printf_fp_dec                           0x00000000   Number         0  stubs.o ABSOLUTE
    _printf_fp_hex                           0x00000000   Number         0  stubs.o ABSOLUTE
    _printf_g                                0x00000000   Number         0  stubs.o ABSOLUTE
    _printf_i                                0x00000000   Number         0  stubs.o ABSOLUTE
    _printf_int_dec                          0x00000000   Number         0  stubs.o ABSOLUTE
    _printf_l                                0x00000000   Number         0  stubs.o ABSOLUTE
    _printf_lc                               0x00000000   Number         0  stubs.o ABSOLUTE
    _printf_ll                               0x00000000   Number         0  stubs.o ABSOLUTE
    _printf_lld                              0x00000000   Number         0  stubs.o ABSOLUTE
    _printf_lli                              0x00000000   Number         0  stubs.o ABSOLUTE
    _printf_llo                              0x00000000   Number         0  stubs.o ABSOLUTE
    _printf_llu                              0x00000000   Number         0  stubs.o ABSOLUTE
    _printf_llx                              0x00000000   Number         0  stubs.o ABSOLUTE
    _printf_longlong_dec                     0x00000000   Number         0  stubs.o ABSOLUTE
    _printf_longlong_hex                     0x00000000   Number         0  stubs.o ABSOLUTE
    _printf_longlong_oct                     0x00000000   Number         0  stubs.o ABSOLUTE
    _printf_ls                               0x00000000   Number         0  stubs.o ABSOLUTE
    _printf_mbtowc                           0x00000000   Number         0  stubs.o ABSOLUTE
    _printf_n                                0x00000000   Number         0  stubs.o ABSOLUTE
    _printf_o                                0x00000000   Number         0  stubs.o ABSOLUTE
    _printf_p                                0x00000000   Number         0  stubs.o ABSOLUTE
    _printf_percent                          0x00000000   Number         0  stubs.o ABSOLUTE
    _printf_pre_padding                      0x00000000   Number         0  stubs.o ABSOLUTE
    _printf_return_value                     0x00000000   Number         0  stubs.o ABSOLUTE
    _printf_s                                0x00000000   Number         0  stubs.o ABSOLUTE
    _printf_sizespec                         0x00000000   Number         0  stubs.o ABSOLUTE
    _printf_str                              0x00000000   Number         0  stubs.o ABSOLUTE
    _printf_truncate_signed                  0x00000000   Number         0  stubs.o ABSOLUTE
    _printf_truncate_unsigned                0x00000000   Number         0  stubs.o ABSOLUTE
    _printf_u                                0x00000000   Number         0  stubs.o ABSOLUTE
    _printf_wc                               0x00000000   Number         0  stubs.o ABSOLUTE
    _printf_wctomb                           0x00000000   Number         0  stubs.o ABSOLUTE
    _printf_widthprec                        0x00000000   Number         0  stubs.o ABSOLUTE
    _printf_x                                0x00000000   Number         0  stubs.o ABSOLUTE
    __arm_fini_                               - Undefined Weak Reference
    __cpp_initialize__aeabi_                  - Undefined Weak Reference
    __cxa_finalize                            - Undefined Weak Reference
    _clock_init                               - Undefined Weak Reference
    _microlib_exit                            - Undefined Weak Reference
    __Vectors_Size                           0x00000188   Number         0  startup_stm32f407xx.o ABSOLUTE
    __Vectors                                0x08000000   Data           4  startup_stm32f407xx.o(RESET)
    __Vectors_End                            0x08000188   Data           0  startup_stm32f407xx.o(RESET)
    __main                                   0x08000189   Thumb Code     0  entry.o(.ARM.Collect$$$$00000000)
    _main_stk                                0x08000189   Thumb Code     0  entry2.o(.ARM.Collect$$$$00000001)
    _main_scatterload                        0x0800018d   Thumb Code     0  entry5.o(.ARM.Collect$$$$00000004)
    __main_after_scatterload                 0x08000191   Thumb Code     0  entry5.o(.ARM.Collect$$$$00000004)
    _main_clock                              0x08000191   Thumb Code     0  entry7b.o(.ARM.Collect$$$$00000008)
    _main_cpp_init                           0x08000191   Thumb Code     0  entry8b.o(.ARM.Collect$$$$0000000A)
    _main_init                               0x08000191   Thumb Code     0  entry9a.o(.ARM.Collect$$$$0000000B)
    __rt_lib_shutdown_fini                   0x08000199   Thumb Code     0  entry12b.o(.ARM.Collect$$$$0000000E)
    __rt_final_cpp                           0x0800019d   Thumb Code     0  entry10a.o(.ARM.Collect$$$$0000000F)
    __rt_final_exit                          0x0800019d   Thumb Code     0  entry11a.o(.ARM.Collect$$$$00000011)
    Reset_Handler                            0x080001a1   Thumb Code     8  startup_stm32f407xx.o(.text)
    ADC_IRQHandler                           0x080001bb   Thumb Code     0  startup_stm32f407xx.o(.text)
    CAN1_RX0_IRQHandler                      0x080001bb   Thumb Code     0  startup_stm32f407xx.o(.text)
    CAN1_RX1_IRQHandler                      0x080001bb   Thumb Code     0  startup_stm32f407xx.o(.text)
    CAN1_SCE_IRQHandler                      0x080001bb   Thumb Code     0  startup_stm32f407xx.o(.text)
    CAN1_TX_IRQHandler                       0x080001bb   Thumb Code     0  startup_stm32f407xx.o(.text)
    CAN2_RX0_IRQHandler                      0x080001bb   Thumb Code     0  startup_stm32f407xx.o(.text)
    CAN2_RX1_IRQHandler                      0x080001bb   Thumb Code     0  startup_stm32f407xx.o(.text)
    CAN2_SCE_IRQHandler                      0x080001bb   Thumb Code     0  startup_stm32f407xx.o(.text)
    CAN2_TX_IRQHandler                       0x080001bb   Thumb Code     0  startup_stm32f407xx.o(.text)
    DCMI_IRQHandler                          0x080001bb   Thumb Code     0  startup_stm32f407xx.o(.text)
    DMA1_Stream0_IRQHandler                  0x080001bb   Thumb Code     0  startup_stm32f407xx.o(.text)
    DMA1_Stream1_IRQHandler                  0x080001bb   Thumb Code     0  startup_stm32f407xx.o(.text)
    DMA1_Stream2_IRQHandler                  0x080001bb   Thumb Code     0  startup_stm32f407xx.o(.text)
    DMA1_Stream3_IRQHandler                  0x080001bb   Thumb Code     0  startup_stm32f407xx.o(.text)
    DMA1_Stream4_IRQHandler                  0x080001bb   Thumb Code     0  startup_stm32f407xx.o(.text)
    DMA1_Stream5_IRQHandler                  0x080001bb   Thumb Code     0  startup_stm32f407xx.o(.text)
    DMA1_Stream6_IRQHandler                  0x080001bb   Thumb Code     0  startup_stm32f407xx.o(.text)
    DMA1_Stream7_IRQHandler                  0x080001bb   Thumb Code     0  startup_stm32f407xx.o(.text)
    DMA2_Stream0_IRQHandler                  0x080001bb   Thumb Code     0  startup_stm32f407xx.o(.text)
    DMA2_Stream1_IRQHandler                  0x080001bb   Thumb Code     0  startup_stm32f407xx.o(.text)
    DMA2_Stream2_IRQHandler                  0x080001bb   Thumb Code     0  startup_stm32f407xx.o(.text)
    DMA2_Stream3_IRQHandler                  0x080001bb   Thumb Code     0  startup_stm32f407xx.o(.text)
    DMA2_Stream4_IRQHandler                  0x080001bb   Thumb Code     0  startup_stm32f407xx.o(.text)
    DMA2_Stream5_IRQHandler                  0x080001bb   Thumb Code     0  startup_stm32f407xx.o(.text)
    DMA2_Stream6_IRQHandler                  0x080001bb   Thumb Code     0  startup_stm32f407xx.o(.text)
    DMA2_Stream7_IRQHandler                  0x080001bb   Thumb Code     0  startup_stm32f407xx.o(.text)
    ETH_IRQHandler                           0x080001bb   Thumb Code     0  startup_stm32f407xx.o(.text)
    ETH_WKUP_IRQHandler                      0x080001bb   Thumb Code     0  startup_stm32f407xx.o(.text)
    EXTI15_10_IRQHandler                     0x080001bb   Thumb Code     0  startup_stm32f407xx.o(.text)
    EXTI1_IRQHandler                         0x080001bb   Thumb Code     0  startup_stm32f407xx.o(.text)
    EXTI2_IRQHandler                         0x080001bb   Thumb Code     0  startup_stm32f407xx.o(.text)
    EXTI3_IRQHandler                         0x080001bb   Thumb Code     0  startup_stm32f407xx.o(.text)
    EXTI9_5_IRQHandler                       0x080001bb   Thumb Code     0  startup_stm32f407xx.o(.text)
    FLASH_IRQHandler                         0x080001bb   Thumb Code     0  startup_stm32f407xx.o(.text)
    FMC_IRQHandler                           0x080001bb   Thumb Code     0  startup_stm32f407xx.o(.text)
    FPU_IRQHandler                           0x080001bb   Thumb Code     0  startup_stm32f407xx.o(.text)
    HASH_RNG_IRQHandler                      0x080001bb   Thumb Code     0  startup_stm32f407xx.o(.text)
    I2C1_ER_IRQHandler                       0x080001bb   Thumb Code     0  startup_stm32f407xx.o(.text)
    I2C1_EV_IRQHandler                       0x080001bb   Thumb Code     0  startup_stm32f407xx.o(.text)
    I2C2_ER_IRQHandler                       0x080001bb   Thumb Code     0  startup_stm32f407xx.o(.text)
    I2C2_EV_IRQHandler                       0x080001bb   Thumb Code     0  startup_stm32f407xx.o(.text)
    I2C3_ER_IRQHandler                       0x080001bb   Thumb Code     0  startup_stm32f407xx.o(.text)
    I2C3_EV_IRQHandler                       0x080001bb   Thumb Code     0  startup_stm32f407xx.o(.text)
    OTG_FS_IRQHandler                        0x080001bb   Thumb Code     0  startup_stm32f407xx.o(.text)
    OTG_FS_WKUP_IRQHandler                   0x080001bb   Thumb Code     0  startup_stm32f407xx.o(.text)
    OTG_HS_EP1_IN_IRQHandler                 0x080001bb   Thumb Code     0  startup_stm32f407xx.o(.text)
    OTG_HS_EP1_OUT_IRQHandler                0x080001bb   Thumb Code     0  startup_stm32f407xx.o(.text)
    OTG_HS_IRQHandler                        0x080001bb   Thumb Code     0  startup_stm32f407xx.o(.text)
    OTG_HS_WKUP_IRQHandler                   0x080001bb   Thumb Code     0  startup_stm32f407xx.o(.text)
    PVD_IRQHandler                           0x080001bb   Thumb Code     0  startup_stm32f407xx.o(.text)
    RCC_IRQHandler                           0x080001bb   Thumb Code     0  startup_stm32f407xx.o(.text)
    RTC_Alarm_IRQHandler                     0x080001bb   Thumb Code     0  startup_stm32f407xx.o(.text)
    RTC_WKUP_IRQHandler                      0x080001bb   Thumb Code     0  startup_stm32f407xx.o(.text)
    SDIO_IRQHandler                          0x080001bb   Thumb Code     0  startup_stm32f407xx.o(.text)
    SPI1_IRQHandler                          0x080001bb   Thumb Code     0  startup_stm32f407xx.o(.text)
    SPI2_IRQHandler                          0x080001bb   Thumb Code     0  startup_stm32f407xx.o(.text)
    SPI3_IRQHandler                          0x080001bb   Thumb Code     0  startup_stm32f407xx.o(.text)
    TAMP_STAMP_IRQHandler                    0x080001bb   Thumb Code     0  startup_stm32f407xx.o(.text)
    TIM1_BRK_TIM9_IRQHandler                 0x080001bb   Thumb Code     0  startup_stm32f407xx.o(.text)
    TIM1_CC_IRQHandler                       0x080001bb   Thumb Code     0  startup_stm32f407xx.o(.text)
    TIM1_TRG_COM_TIM11_IRQHandler            0x080001bb   Thumb Code     0  startup_stm32f407xx.o(.text)
    TIM1_UP_TIM10_IRQHandler                 0x080001bb   Thumb Code     0  startup_stm32f407xx.o(.text)
    TIM2_IRQHandler                          0x080001bb   Thumb Code     0  startup_stm32f407xx.o(.text)
    TIM3_IRQHandler                          0x080001bb   Thumb Code     0  startup_stm32f407xx.o(.text)
    TIM4_IRQHandler                          0x080001bb   Thumb Code     0  startup_stm32f407xx.o(.text)
    TIM5_IRQHandler                          0x080001bb   Thumb Code     0  startup_stm32f407xx.o(.text)
    TIM6_DAC_IRQHandler                      0x080001bb   Thumb Code     0  startup_stm32f407xx.o(.text)
    TIM7_IRQHandler                          0x080001bb   Thumb Code     0  startup_stm32f407xx.o(.text)
    TIM8_BRK_TIM12_IRQHandler                0x080001bb   Thumb Code     0  startup_stm32f407xx.o(.text)
    TIM8_CC_IRQHandler                       0x080001bb   Thumb Code     0  startup_stm32f407xx.o(.text)
    TIM8_TRG_COM_TIM14_IRQHandler            0x080001bb   Thumb Code     0  startup_stm32f407xx.o(.text)
    TIM8_UP_TIM13_IRQHandler                 0x080001bb   Thumb Code     0  startup_stm32f407xx.o(.text)
    UART4_IRQHandler                         0x080001bb   Thumb Code     0  startup_stm32f407xx.o(.text)
    UART5_IRQHandler                         0x080001bb   Thumb Code     0  startup_stm32f407xx.o(.text)
    USART2_IRQHandler                        0x080001bb   Thumb Code     0  startup_stm32f407xx.o(.text)
    USART3_IRQHandler                        0x080001bb   Thumb Code     0  startup_stm32f407xx.o(.text)
    USART6_IRQHandler                        0x080001bb   Thumb Code     0  startup_stm32f407xx.o(.text)
    WWDG_IRQHandler                          0x080001bb   Thumb Code     0  startup_stm32f407xx.o(.text)
    __aeabi_uldivmod                         0x080001c5   Thumb Code    98  uldiv.o(.text)
    __aeabi_llsl                             0x08000227   Thumb Code    30  llshl.o(.text)
    _ll_shift_l                              0x08000227   Thumb Code     0  llshl.o(.text)
    __aeabi_lasr                             0x08000245   Thumb Code    36  llsshr.o(.text)
    _ll_sshift_r                             0x08000245   Thumb Code     0  llsshr.o(.text)
    __aeabi_memset                           0x08000269   Thumb Code    14  memseta.o(.text)
    __aeabi_memset4                          0x08000269   Thumb Code     0  memseta.o(.text)
    __aeabi_memset8                          0x08000269   Thumb Code     0  memseta.o(.text)
    __aeabi_memclr                           0x08000277   Thumb Code     4  memseta.o(.text)
    __aeabi_memclr4                          0x08000277   Thumb Code     0  memseta.o(.text)
    __aeabi_memclr8                          0x08000277   Thumb Code     0  memseta.o(.text)
    _memset$wrapper                          0x0800027b   Thumb Code    18  memseta.o(.text)
    __aeabi_dadd                             0x0800028d   Thumb Code   322  dadd.o(.text)
    __aeabi_dsub                             0x080003cf   Thumb Code     6  dadd.o(.text)
    __aeabi_drsub                            0x080003d5   Thumb Code     6  dadd.o(.text)
    __aeabi_dmul                             0x080003db   Thumb Code   228  dmul.o(.text)
    __aeabi_ddiv                             0x080004bf   Thumb Code   222  ddiv.o(.text)
    __aeabi_i2d                              0x0800059d   Thumb Code    34  dflti.o(.text)
    __aeabi_ui2d                             0x080005bf   Thumb Code    26  dfltui.o(.text)
    __aeabi_d2iz                             0x080005d9   Thumb Code    62  dfixi.o(.text)
    __aeabi_d2uiz                            0x08000617   Thumb Code    50  dfixui.o(.text)
    __aeabi_f2d                              0x08000649   Thumb Code    38  f2d.o(.text)
    __aeabi_cdrcmple                         0x08000671   Thumb Code    48  cdrcmple.o(.text)
    __aeabi_uidiv                            0x080006a1   Thumb Code     0  uidiv.o(.text)
    __aeabi_uidivmod                         0x080006a1   Thumb Code    44  uidiv.o(.text)
    __aeabi_llsr                             0x080006cd   Thumb Code    32  llushr.o(.text)
    _ll_ushift_r                             0x080006cd   Thumb Code     0  llushr.o(.text)
    __I$use$fp                               0x080006ed   Thumb Code     0  iusefp.o(.text)
    _double_round                            0x080006ed   Thumb Code    30  depilogue.o(.text)
    _double_epilogue                         0x0800070b   Thumb Code   156  depilogue.o(.text)
    __aeabi_d2ulz                            0x080007a7   Thumb Code    48  dfixul.o(.text)
    __scatterload                            0x080007d9   Thumb Code    28  init.o(.text)
    __scatterload_rt2                        0x080007d9   Thumb Code     0  init.o(.text)
    __decompress                             0x080007fd   Thumb Code     0  __dclz77c.o(.text)
    __decompress2                            0x080007fd   Thumb Code    94  __dclz77c.o(.text)
    ADS1292R_CMD                             0x0800085d   Thumb Code    48  ads1292.o(i.ADS1292R_CMD)
    ADS1292R_Init                            0x08000891   Thumb Code    48  ads1292.o(i.ADS1292R_Init)
    ADS1292R_PowerOnInit                     0x080008c5   Thumb Code   136  ads1292.o(i.ADS1292R_PowerOnInit)
    ADS1292R_REG                             0x08000965   Thumb Code    76  ads1292.o(i.ADS1292R_REG)
    ADS1292R_ReadData                        0x080009b5   Thumb Code    62  ads1292.o(i.ADS1292R_ReadData)
    ADS1292R_SPI_RW                          0x080009fd   Thumb Code    34  ads1292.o(i.ADS1292R_SPI_RW)
    ADS1292R_Work                            0x08000a25   Thumb Code    28  ads1292.o(i.ADS1292R_Work)
    BusFault_Handler                         0x08000a45   Thumb Code     2  stm32f4xx_it.o(i.BusFault_Handler)
    DebugMon_Handler                         0x08000a47   Thumb Code     2  stm32f4xx_it.o(i.DebugMon_Handler)
    DrawFFT                                  0x08000a49   Thumb Code   228  main.o(i.DrawFFT)
    Draw_ECG_Waveform                        0x08000b55   Thumb Code   102  main.o(i.Draw_ECG_Waveform)
    EXTI0_IRQHandler                         0x08000bcd   Thumb Code     6  stm32f4xx_it.o(i.EXTI0_IRQHandler)
    EXTI4_IRQHandler                         0x08000bd5   Thumb Code    26  stm32f4xx_it.o(i.EXTI4_IRQHandler)
    Error_Handler                            0x08000bf5   Thumb Code     4  main.o(i.Error_Handler)
    FIRFilter                                0x08000bf9   Thumb Code   284  firfilter.o(i.FIRFilter)
    FIRInit                                  0x08000d2d   Thumb Code    96  firfilter.o(i.FIRInit)
    FSMC_NORSRAM_Extended_Timing_Init        0x08000da1   Thumb Code    56  stm32f4xx_ll_fsmc.o(i.FSMC_NORSRAM_Extended_Timing_Init)
    FSMC_NORSRAM_Init                        0x08000ddd   Thumb Code    98  stm32f4xx_ll_fsmc.o(i.FSMC_NORSRAM_Init)
    FSMC_NORSRAM_Timing_Init                 0x08000e45   Thumb Code    64  stm32f4xx_ll_fsmc.o(i.FSMC_NORSRAM_Timing_Init)
    HAL_DMA_Abort                            0x08000e89   Thumb Code   146  stm32f4xx_hal_dma.o(i.HAL_DMA_Abort)
    HAL_DMA_Abort_IT                         0x08000f1b   Thumb Code    36  stm32f4xx_hal_dma.o(i.HAL_DMA_Abort_IT)
    HAL_Delay                                0x08000f41   Thumb Code    32  stm32f4xx_hal.o(i.HAL_Delay)
    HAL_GPIO_EXTI_Callback                   0x0800100d   Thumb Code    24  main.o(i.HAL_GPIO_EXTI_Callback)
    HAL_GPIO_EXTI_IRQHandler                 0x08001029   Thumb Code    18  stm32f4xx_hal_gpio.o(i.HAL_GPIO_EXTI_IRQHandler)
    HAL_GPIO_Init                            0x08001041   Thumb Code   450  stm32f4xx_hal_gpio.o(i.HAL_GPIO_Init)
    HAL_GPIO_ReadPin                         0x08001231   Thumb Code    10  stm32f4xx_hal_gpio.o(i.HAL_GPIO_ReadPin)
    HAL_GPIO_WritePin                        0x0800123b   Thumb Code    10  stm32f4xx_hal_gpio.o(i.HAL_GPIO_WritePin)
    HAL_GetTick                              0x08001245   Thumb Code     6  stm32f4xx_hal.o(i.HAL_GetTick)
    HAL_IncTick                              0x08001251   Thumb Code    12  stm32f4xx_hal.o(i.HAL_IncTick)
    HAL_Init                                 0x08001261   Thumb Code    48  stm32f4xx_hal.o(i.HAL_Init)
    HAL_InitTick                             0x08001295   Thumb Code    54  stm32f4xx_hal.o(i.HAL_InitTick)
    HAL_MspInit                              0x080012d5   Thumb Code    42  stm32f4xx_hal_msp.o(i.HAL_MspInit)
    HAL_NVIC_DisableIRQ                      0x08001305   Thumb Code    34  stm32f4xx_hal_cortex.o(i.HAL_NVIC_DisableIRQ)
    HAL_NVIC_EnableIRQ                       0x08001327   Thumb Code    26  stm32f4xx_hal_cortex.o(i.HAL_NVIC_EnableIRQ)
    HAL_NVIC_SetPriority                     0x08001341   Thumb Code    60  stm32f4xx_hal_cortex.o(i.HAL_NVIC_SetPriority)
    HAL_NVIC_SetPriorityGrouping             0x08001381   Thumb Code    26  stm32f4xx_hal_cortex.o(i.HAL_NVIC_SetPriorityGrouping)
    HAL_RCC_ClockConfig                      0x080013a5   Thumb Code   288  stm32f4xx_hal_rcc.o(i.HAL_RCC_ClockConfig)
    HAL_RCC_GetPCLK1Freq                     0x080014d9   Thumb Code    20  stm32f4xx_hal_rcc.o(i.HAL_RCC_GetPCLK1Freq)
    HAL_RCC_GetPCLK2Freq                     0x080014f9   Thumb Code    20  stm32f4xx_hal_rcc.o(i.HAL_RCC_GetPCLK2Freq)
    HAL_RCC_GetSysClockFreq                  0x08001519   Thumb Code    88  stm32f4xx_hal_rcc.o(i.HAL_RCC_GetSysClockFreq)
    HAL_RCC_OscConfig                        0x0800157d   Thumb Code   856  stm32f4xx_hal_rcc.o(i.HAL_RCC_OscConfig)
    HAL_SPI_Init                             0x080018e9   Thumb Code   188  stm32f4xx_hal_spi.o(i.HAL_SPI_Init)
    HAL_SPI_MspInit                          0x080019a5   Thumb Code    94  spi.o(i.HAL_SPI_MspInit)
    HAL_SPI_TransmitReceive                  0x08001a11   Thumb Code   496  stm32f4xx_hal_spi.o(i.HAL_SPI_TransmitReceive)
    HAL_SRAM_Init                            0x08001c01   Thumb Code    92  stm32f4xx_hal_sram.o(i.HAL_SRAM_Init)
    HAL_SRAM_MspInit                         0x08001c5d   Thumb Code     4  fsmc.o(i.HAL_SRAM_MspInit)
    HAL_SYSTICK_Config                       0x08001c61   Thumb Code    40  stm32f4xx_hal_cortex.o(i.HAL_SYSTICK_Config)
    HAL_UARTEx_RxEventCallback               0x08001c89   Thumb Code     2  stm32f4xx_hal_uart.o(i.HAL_UARTEx_RxEventCallback)
    HAL_UART_ErrorCallback                   0x08001c8b   Thumb Code     2  stm32f4xx_hal_uart.o(i.HAL_UART_ErrorCallback)
    HAL_UART_IRQHandler                      0x08001c8d   Thumb Code   618  stm32f4xx_hal_uart.o(i.HAL_UART_IRQHandler)
    HAL_UART_Init                            0x08001efd   Thumb Code   100  stm32f4xx_hal_uart.o(i.HAL_UART_Init)
    HAL_UART_MspInit                         0x08001f61   Thumb Code   110  usart.o(i.HAL_UART_MspInit)
    HAL_UART_RxCpltCallback                  0x08001fdd   Thumb Code     2  stm32f4xx_hal_uart.o(i.HAL_UART_RxCpltCallback)
    HAL_UART_Transmit                        0x08001fdf   Thumb Code   160  stm32f4xx_hal_uart.o(i.HAL_UART_Transmit)
    HAL_UART_TxCpltCallback                  0x0800207f   Thumb Code     2  stm32f4xx_hal_uart.o(i.HAL_UART_TxCpltCallback)
    HardFault_Handler                        0x08002081   Thumb Code     2  stm32f4xx_it.o(i.HardFault_Handler)
    IIRFilter                                0x08002085   Thumb Code    50  iirfilter.o(i.IIRFilter)
    KEY_Scan                                 0x080020bd   Thumb Code   190  main.o(i.KEY_Scan)
    LCD_Clear                                0x08002189   Thumb Code    48  lcd.o(i.LCD_Clear)
    LCD_Display_Dir                          0x080021bd   Thumb Code   180  lcd.o(i.LCD_Display_Dir)
    LCD_DrawLine                             0x08002275   Thumb Code   154  lcd.o(i.LCD_DrawLine)
    LCD_DrawPoint                            0x08002311   Thumb Code    24  lcd.o(i.LCD_DrawPoint)
    LCD_Fast_DrawPoint                       0x0800232d   Thumb Code   202  lcd.o(i.LCD_Fast_DrawPoint)
    LCD_Init                                 0x080023fd   Thumb Code  9446  lcd.o(i.LCD_Init)
    LCD_RD_DATA                              0x080048e9   Thumb Code    20  lcd.o(i.LCD_RD_DATA)
    LCD_SSD_BackLightSet                     0x080048fd   Thumb Code    72  lcd.o(i.LCD_SSD_BackLightSet)
    LCD_Scan_Dir                             0x0800494d   Thumb Code   380  lcd.o(i.LCD_Scan_Dir)
    LCD_SetCursor                            0x08004acd   Thumb Code   238  lcd.o(i.LCD_SetCursor)
    LCD_ShowChar                             0x08004bc1   Thumb Code   204  lcd.o(i.LCD_ShowChar)
    LCD_ShowFloat                            0x08004ca5   Thumb Code   192  lcd.o(i.LCD_ShowFloat)
    LCD_ShowNum                              0x08004d71   Thumb Code   118  lcd.o(i.LCD_ShowNum)
    LCD_ShowString                           0x08004de7   Thumb Code    84  lcd.o(i.LCD_ShowString)
    LCD_ShowxNum                             0x08004e3b   Thumb Code   134  lcd.o(i.LCD_ShowxNum)
    LCD_WR_DATA                              0x08004ec1   Thumb Code    24  lcd.o(i.LCD_WR_DATA)
    LCD_WR_REG                               0x08004ed9   Thumb Code    24  lcd.o(i.LCD_WR_REG)
    LCD_WriteRAM_Prepare                     0x08004ef1   Thumb Code    14  lcd.o(i.LCD_WriteRAM_Prepare)
    LCD_WriteReg                             0x08004f05   Thumb Code    12  lcd.o(i.LCD_WriteReg)
    MX_FSMC_Init                             0x08004f11   Thumb Code   130  fsmc.o(i.MX_FSMC_Init)
    MX_GPIO_Init                             0x08004f9d   Thumb Code   332  gpio.o(i.MX_GPIO_Init)
    MX_SPI3_Init                             0x080050fd   Thumb Code    62  spi.o(i.MX_SPI3_Init)
    MX_USART1_UART_Init                      0x08005145   Thumb Code    48  usart.o(i.MX_USART1_UART_Init)
    MemManage_Handler                        0x0800517d   Thumb Code     2  stm32f4xx_it.o(i.MemManage_Handler)
    NMI_Handler                              0x0800517f   Thumb Code     2  stm32f4xx_it.o(i.NMI_Handler)
    PendSV_Handler                           0x08005181   Thumb Code     2  stm32f4xx_it.o(i.PendSV_Handler)
    PowerOnNormal                            0x08005183   Thumb Code    68  ads1292.o(i.PowerOnNormal)
    PowerOnTest                              0x080051c7   Thumb Code    68  ads1292.o(i.PowerOnTest)
    SVC_Handler                              0x08005331   Thumb Code     2  stm32f4xx_it.o(i.SVC_Handler)
    SysTick_Handler                          0x08005333   Thumb Code     4  stm32f4xx_it.o(i.SysTick_Handler)
    SystemClock_Config                       0x08005339   Thumb Code   140  main.o(i.SystemClock_Config)
    SystemInit                               0x080053cd   Thumb Code    12  system_stm32f4xx.o(i.SystemInit)
    USART1_IRQHandler                        0x0800567d   Thumb Code     6  stm32f4xx_it.o(i.USART1_IRQHandler)
    UsageFault_Handler                       0x08005689   Thumb Code     2  stm32f4xx_it.o(i.UsageFault_Handler)
    _LCD_Pow                                 0x0800568b   Thumb Code    16  lcd.o(i._LCD_Pow)
    __0printf                                0x0800569d   Thumb Code    22  printfa.o(i.__0printf)
    __1printf                                0x0800569d   Thumb Code     0  printfa.o(i.__0printf)
    __2printf                                0x0800569d   Thumb Code     0  printfa.o(i.__0printf)
    __c89printf                              0x0800569d   Thumb Code     0  printfa.o(i.__0printf)
    printf                                   0x0800569d   Thumb Code     0  printfa.o(i.__0printf)
    __scatterload_copy                       0x080056dd   Thumb Code    14  handlers.o(i.__scatterload_copy)
    __scatterload_null                       0x080056eb   Thumb Code     2  handlers.o(i.__scatterload_null)
    __scatterload_zeroinit                   0x080056ed   Thumb Code    14  handlers.o(i.__scatterload_zeroinit)
    arm_bitreversal_f32                      0x08005f87   Thumb Code   168  transformfunctions.o(i.arm_bitreversal_f32)
    arm_cfft_radix4_f32                      0x0800602f   Thumb Code    60  transformfunctions.o(i.arm_cfft_radix4_f32)
    arm_cfft_radix4_init_f32                 0x0800606d   Thumb Code   144  transformfunctions.o(i.arm_cfft_radix4_init_f32)
    arm_cmplx_mag_f32                        0x0800611d   Thumb Code    62  complexmathfunctions.o(i.arm_cmplx_mag_f32)
    arm_radix4_butterfly_f32                 0x08006161   Thumb Code   324  transformfunctions.o(i.arm_radix4_butterfly_f32)
    arm_radix4_butterfly_inverse_f32         0x080062a5   Thumb Code   534  transformfunctions.o(i.arm_radix4_butterfly_inverse_f32)
    axis_drawing                             0x080064bd   Thumb Code    54  main.o(i.axis_drawing)
    calc_heartbeat_rate                      0x08006501   Thumb Code   130  firfilter.o(i.calc_heartbeat_rate)
    data_trans                               0x080065b1   Thumb Code    66  ads1292.o(i.data_trans)
    delay_us                                 0x080065fd   Thumb Code    14  lcd.o(i.delay_us)
    fputc                                    0x0800660d   Thumb Code    20  main.o(i.fputc)
    heartbeat_check                          0x08006625   Thumb Code    44  firfilter.o(i.heartbeat_check)
    main                                     0x08006655   Thumb Code   160  main.o(i.main)
    normal_mode                              0x08006701   Thumb Code   194  main.o(i.normal_mode)
    queueInit                                0x08006805   Thumb Code    16  queue.o(i.queueInit)
    queuePop                                 0x08006815   Thumb Code    52  queue.o(i.queuePop)
    queuePush                                0x08006849   Thumb Code    38  queue.o(i.queuePush)
    test_mode                                0x08006871   Thumb Code    52  main.o(i.test_mode)
    asc2_1206                                0x080068b0   Data        1140  lcd.o(.constdata)
    asc2_1608                                0x08006d24   Data        1520  lcd.o(.constdata)
    asc2_2412                                0x08007314   Data        3420  lcd.o(.constdata)
    asc2_3216                                0x08008070   Data       12160  lcd.o(.constdata)
    AHBPrescTable                            0x0800aff0   Data          16  system_stm32f4xx.o(.constdata)
    APBPrescTable                            0x0800b000   Data           8  system_stm32f4xx.o(.constdata)
    armBitRevTable                           0x0800b008   Data        2048  commontables.o(.constdata)
    twiddleCoef_4096                         0x0800b808   Data       32768  commontables.o(.constdata)
    Region$$Table$$Base                      0x08013808   Number         0  anon$$obj.o(Region$$Table)
    Region$$Table$$Limit                     0x08013828   Number         0  anon$$obj.o(Region$$Table)
    POINT_COLOR                              0x20000000   Data           4  lcd.o(.data)
    BACK_COLOR                               0x20000004   Data           4  lcd.o(.data)
    last_data                                0x20000008   Data           2  firfilter.o(.data)
    FIRResult                                0x2000000a   Data           2  firfilter.o(.data)
    cur_input                                0x20000540   Data           2  iirfilter.o(.data)
    IIR_Result                               0x20000542   Data           2  iirfilter.o(.data)
    a                                        0x20000544   Data           4  iirfilter.o(.data)
    last_input                               0x20000548   Data           4  iirfilter.o(.data)
    last_output                              0x2000054c   Data           4  iirfilter.o(.data)
    cur_output                               0x20000550   Data           4  iirfilter.o(.data)
    device_id                                0x20000554   Data           1  ads1292.o(.data)
    ads1292r_id_flag                         0x20000555   Data           1  ads1292.o(.data)
    ECGRawData                               0x20000556   Data           4  ads1292.o(.data)
    ADS1292R_ECG_BUFFER                      0x2000055c   Data           8  ads1292.o(.data)
    key                                      0x20000568   Data           1  main.o(.data)
    ads1292_recive_flag                      0x2000056a   Data           1  main.o(.data)
    ecg_num                                  0x2000056c   Data           2  main.o(.data)
    heart_beat                               0x20000574   Data           4  main.o(.data)
    max_value                                0x20000578   Data           4  main.o(.data)
    test_i                                   0x2000057c   Data           4  main.o(.data)
    heart_rate                               0x20000580   Data           8  main.o(.data)
    uwTickFreq                               0x20000590   Data           1  stm32f4xx_hal.o(.data)
    uwTickPrio                               0x20000594   Data           4  stm32f4xx_hal.o(.data)
    uwTick                                   0x20000598   Data           4  stm32f4xx_hal.o(.data)
    SystemCoreClock                          0x2000059c   Data           4  system_stm32f4xx.o(.data)
    __stdout                                 0x200005a0   Data           4  stdout.o(.data)
    lcddev                                   0x200005a4   Data          14  lcd.o(.bss)
    FIRQueue                                 0x200005b8   Data          20  firfilter.o(.bss)
    FIRA                                     0x200005cc   Data         644  firfilter.o(.bss)
    h                                        0x20000850   Data        1288  firfilter.o(.bss)
    ads1292r_data_buff                       0x20000d58   Data           9  ads1292.o(.bss)
    ECG_Signal                               0x20000d64   Data        2048  main.o(.bss)
    FFT_InputBufmy                           0x20001564   Data        8192  main.o(.bss)
    FFT_OutputBufmy                          0x20003564   Data        4096  main.o(.bss)
    scfft                                    0x20004564   Data          20  main.o(.bss)
    hsram4                                   0x20004578   Data          80  fsmc.o(.bss)
    hspi3                                    0x200045c8   Data          88  spi.o(.bss)
    huart1                                   0x20004620   Data          72  usart.o(.bss)
    __initial_sp                             0x20004a68   Data           0  startup_stm32f407xx.o(STACK)



==============================================================================

Memory Map of the image

  Image Entry point : 0x08000189

  Load Region LR_IROM1 (Base: 0x08000000, Size: 0x00013dcc, Max: 0x00100000, ABSOLUTE, COMPRESSED[0x00013bac])

    Execution Region ER_IROM1 (Exec base: 0x08000000, Load base: 0x08000000, Size: 0x00013828, Max: 0x00100000, ABSOLUTE)

    Exec Addr    Load Addr    Size         Type   Attr      Idx    E Section Name        Object

    0x08000000   0x08000000   0x00000188   Data   RO            3    RESET               startup_stm32f407xx.o
    0x08000188   0x08000188   0x00000000   Code   RO         9089  * .ARM.Collect$$$$00000000  mc_w.l(entry.o)
    0x08000188   0x08000188   0x00000004   Code   RO         9430    .ARM.Collect$$$$00000001  mc_w.l(entry2.o)
    0x0800018c   0x0800018c   0x00000004   Code   RO         9433    .ARM.Collect$$$$00000004  mc_w.l(entry5.o)
    0x08000190   0x08000190   0x00000000   Code   RO         9435    .ARM.Collect$$$$00000008  mc_w.l(entry7b.o)
    0x08000190   0x08000190   0x00000000   Code   RO         9437    .ARM.Collect$$$$0000000A  mc_w.l(entry8b.o)
    0x08000190   0x08000190   0x00000008   Code   RO         9438    .ARM.Collect$$$$0000000B  mc_w.l(entry9a.o)
    0x08000198   0x08000198   0x00000004   Code   RO         9445    .ARM.Collect$$$$0000000E  mc_w.l(entry12b.o)
    0x0800019c   0x0800019c   0x00000000   Code   RO         9440    .ARM.Collect$$$$0000000F  mc_w.l(entry10a.o)
    0x0800019c   0x0800019c   0x00000000   Code   RO         9442    .ARM.Collect$$$$00000011  mc_w.l(entry11a.o)
    0x0800019c   0x0800019c   0x00000004   Code   RO         9431    .ARM.Collect$$$$00002712  mc_w.l(entry2.o)
    0x080001a0   0x080001a0   0x00000024   Code   RO            4    .text               startup_stm32f407xx.o
    0x080001c4   0x080001c4   0x00000062   Code   RO         9092    .text               mc_w.l(uldiv.o)
    0x08000226   0x08000226   0x0000001e   Code   RO         9096    .text               mc_w.l(llshl.o)
    0x08000244   0x08000244   0x00000024   Code   RO         9098    .text               mc_w.l(llsshr.o)
    0x08000268   0x08000268   0x00000024   Code   RO         9102    .text               mc_w.l(memseta.o)
    0x0800028c   0x0800028c   0x0000014e   Code   RO         9367    .text               mf_w.l(dadd.o)
    0x080003da   0x080003da   0x000000e4   Code   RO         9369    .text               mf_w.l(dmul.o)
    0x080004be   0x080004be   0x000000de   Code   RO         9371    .text               mf_w.l(ddiv.o)
    0x0800059c   0x0800059c   0x00000022   Code   RO         9375    .text               mf_w.l(dflti.o)
    0x080005be   0x080005be   0x0000001a   Code   RO         9377    .text               mf_w.l(dfltui.o)
    0x080005d8   0x080005d8   0x0000003e   Code   RO         9381    .text               mf_w.l(dfixi.o)
    0x08000616   0x08000616   0x00000032   Code   RO         9383    .text               mf_w.l(dfixui.o)
    0x08000648   0x08000648   0x00000026   Code   RO         9387    .text               mf_w.l(f2d.o)
    0x0800066e   0x0800066e   0x00000002   PAD
    0x08000670   0x08000670   0x00000030   Code   RO         9391    .text               mf_w.l(cdrcmple.o)
    0x080006a0   0x080006a0   0x0000002c   Code   RO         9447    .text               mc_w.l(uidiv.o)
    0x080006cc   0x080006cc   0x00000020   Code   RO         9449    .text               mc_w.l(llushr.o)
    0x080006ec   0x080006ec   0x00000000   Code   RO         9458    .text               mc_w.l(iusefp.o)
    0x080006ec   0x080006ec   0x000000ba   Code   RO         9461    .text               mf_w.l(depilogue.o)
    0x080007a6   0x080007a6   0x00000030   Code   RO         9465    .text               mf_w.l(dfixul.o)
    0x080007d6   0x080007d6   0x00000002   PAD
    0x080007d8   0x080007d8   0x00000024   Code   RO         9469    .text               mc_w.l(init.o)
    0x080007fc   0x080007fc   0x0000005e   Code   RO         9479    .text               mc_w.l(__dclz77c.o)
    0x0800085a   0x0800085a   0x00000002   PAD
    0x0800085c   0x0800085c   0x00000034   Code   RO          424    i.ADS1292R_CMD      ads1292.o
    0x08000890   0x08000890   0x00000034   Code   RO          426    i.ADS1292R_Init     ads1292.o
    0x080008c4   0x080008c4   0x000000a0   Code   RO          427    i.ADS1292R_PowerOnInit  ads1292.o
    0x08000964   0x08000964   0x00000050   Code   RO          428    i.ADS1292R_REG      ads1292.o
    0x080009b4   0x080009b4   0x00000048   Code   RO          429    i.ADS1292R_ReadData  ads1292.o
    0x080009fc   0x080009fc   0x00000028   Code   RO          430    i.ADS1292R_SPI_RW   ads1292.o
    0x08000a24   0x08000a24   0x00000020   Code   RO          431    i.ADS1292R_Work     ads1292.o
    0x08000a44   0x08000a44   0x00000002   Code   RO          939    i.BusFault_Handler  stm32f4xx_it.o
    0x08000a46   0x08000a46   0x00000002   Code   RO          940    i.DebugMon_Handler  stm32f4xx_it.o
    0x08000a48   0x08000a48   0x0000010c   Code   RO          586    i.DrawFFT           main.o
    0x08000b54   0x08000b54   0x00000078   Code   RO          587    i.Draw_ECG_Waveform  main.o
    0x08000bcc   0x08000bcc   0x00000006   Code   RO          941    i.EXTI0_IRQHandler  stm32f4xx_it.o
    0x08000bd2   0x08000bd2   0x00000002   PAD
    0x08000bd4   0x08000bd4   0x00000020   Code   RO          942    i.EXTI4_IRQHandler  stm32f4xx_it.o
    0x08000bf4   0x08000bf4   0x00000004   Code   RO          588    i.Error_Handler     main.o
    0x08000bf8   0x08000bf8   0x00000134   Code   RO          336    i.FIRFilter         firfilter.o
    0x08000d2c   0x08000d2c   0x00000074   Code   RO          337    i.FIRInit           firfilter.o
    0x08000da0   0x08000da0   0x0000003c   Code   RO         1065    i.FSMC_NORSRAM_Extended_Timing_Init  stm32f4xx_ll_fsmc.o
    0x08000ddc   0x08000ddc   0x00000068   Code   RO         1066    i.FSMC_NORSRAM_Init  stm32f4xx_ll_fsmc.o
    0x08000e44   0x08000e44   0x00000044   Code   RO         1067    i.FSMC_NORSRAM_Timing_Init  stm32f4xx_ll_fsmc.o
    0x08000e88   0x08000e88   0x00000092   Code   RO         1834    i.HAL_DMA_Abort     stm32f4xx_hal_dma.o
    0x08000f1a   0x08000f1a   0x00000024   Code   RO         1835    i.HAL_DMA_Abort_IT  stm32f4xx_hal_dma.o
    0x08000f3e   0x08000f3e   0x00000002   PAD
    0x08000f40   0x08000f40   0x00000024   Code   RO         2271    i.HAL_Delay         stm32f4xx_hal.o
    0x08000f64   0x08000f64   0x000000a8   Code   RO          807    i.HAL_FSMC_MspInit  fsmc.o
    0x0800100c   0x0800100c   0x0000001c   Code   RO          589    i.HAL_GPIO_EXTI_Callback  main.o
    0x08001028   0x08001028   0x00000018   Code   RO         1726    i.HAL_GPIO_EXTI_IRQHandler  stm32f4xx_hal_gpio.o
    0x08001040   0x08001040   0x000001f0   Code   RO         1727    i.HAL_GPIO_Init     stm32f4xx_hal_gpio.o
    0x08001230   0x08001230   0x0000000a   Code   RO         1729    i.HAL_GPIO_ReadPin  stm32f4xx_hal_gpio.o
    0x0800123a   0x0800123a   0x0000000a   Code   RO         1731    i.HAL_GPIO_WritePin  stm32f4xx_hal_gpio.o
    0x08001244   0x08001244   0x0000000c   Code   RO         2277    i.HAL_GetTick       stm32f4xx_hal.o
    0x08001250   0x08001250   0x00000010   Code   RO         2283    i.HAL_IncTick       stm32f4xx_hal.o
    0x08001260   0x08001260   0x00000034   Code   RO         2284    i.HAL_Init          stm32f4xx_hal.o
    0x08001294   0x08001294   0x00000040   Code   RO         2285    i.HAL_InitTick      stm32f4xx_hal.o
    0x080012d4   0x080012d4   0x00000030   Code   RO         1033    i.HAL_MspInit       stm32f4xx_hal_msp.o
    0x08001304   0x08001304   0x00000022   Code   RO         2118    i.HAL_NVIC_DisableIRQ  stm32f4xx_hal_cortex.o
    0x08001326   0x08001326   0x0000001a   Code   RO         2119    i.HAL_NVIC_EnableIRQ  stm32f4xx_hal_cortex.o
    0x08001340   0x08001340   0x00000040   Code   RO         2125    i.HAL_NVIC_SetPriority  stm32f4xx_hal_cortex.o
    0x08001380   0x08001380   0x00000024   Code   RO         2126    i.HAL_NVIC_SetPriorityGrouping  stm32f4xx_hal_cortex.o
    0x080013a4   0x080013a4   0x00000134   Code   RO         1373    i.HAL_RCC_ClockConfig  stm32f4xx_hal_rcc.o
    0x080014d8   0x080014d8   0x00000020   Code   RO         1380    i.HAL_RCC_GetPCLK1Freq  stm32f4xx_hal_rcc.o
    0x080014f8   0x080014f8   0x00000020   Code   RO         1381    i.HAL_RCC_GetPCLK2Freq  stm32f4xx_hal_rcc.o
    0x08001518   0x08001518   0x00000064   Code   RO         1382    i.HAL_RCC_GetSysClockFreq  stm32f4xx_hal_rcc.o
    0x0800157c   0x0800157c   0x0000036c   Code   RO         1385    i.HAL_RCC_OscConfig  stm32f4xx_hal_rcc.o
    0x080018e8   0x080018e8   0x000000bc   Code   RO         2533    i.HAL_SPI_Init      stm32f4xx_hal_spi.o
    0x080019a4   0x080019a4   0x0000006c   Code   RO          856    i.HAL_SPI_MspInit   spi.o
    0x08001a10   0x08001a10   0x000001f0   Code   RO         2542    i.HAL_SPI_TransmitReceive  stm32f4xx_hal_spi.o
    0x08001c00   0x08001c00   0x0000005c   Code   RO         1205    i.HAL_SRAM_Init     stm32f4xx_hal_sram.o
    0x08001c5c   0x08001c5c   0x00000004   Code   RO          809    i.HAL_SRAM_MspInit  fsmc.o
    0x08001c60   0x08001c60   0x00000028   Code   RO         2130    i.HAL_SYSTICK_Config  stm32f4xx_hal_cortex.o
    0x08001c88   0x08001c88   0x00000002   Code   RO         2856    i.HAL_UARTEx_RxEventCallback  stm32f4xx_hal_uart.o
    0x08001c8a   0x08001c8a   0x00000002   Code   RO         2870    i.HAL_UART_ErrorCallback  stm32f4xx_hal_uart.o
    0x08001c8c   0x08001c8c   0x00000270   Code   RO         2873    i.HAL_UART_IRQHandler  stm32f4xx_hal_uart.o
    0x08001efc   0x08001efc   0x00000064   Code   RO         2874    i.HAL_UART_Init     stm32f4xx_hal_uart.o
    0x08001f60   0x08001f60   0x0000007c   Code   RO          898    i.HAL_UART_MspInit  usart.o
    0x08001fdc   0x08001fdc   0x00000002   Code   RO         2880    i.HAL_UART_RxCpltCallback  stm32f4xx_hal_uart.o
    0x08001fde   0x08001fde   0x000000a0   Code   RO         2882    i.HAL_UART_Transmit  stm32f4xx_hal_uart.o
    0x0800207e   0x0800207e   0x00000002   Code   RO         2885    i.HAL_UART_TxCpltCallback  stm32f4xx_hal_uart.o
    0x08002080   0x08002080   0x00000002   Code   RO          943    i.HardFault_Handler  stm32f4xx_it.o
    0x08002082   0x08002082   0x00000002   PAD
    0x08002084   0x08002084   0x00000038   Code   RO          394    i.IIRFilter         iirfilter.o
    0x080020bc   0x080020bc   0x000000cc   Code   RO          590    i.KEY_Scan          main.o
    0x08002188   0x08002188   0x00000034   Code   RO           14    i.LCD_Clear         lcd.o
    0x080021bc   0x080021bc   0x000000b8   Code   RO           18    i.LCD_Display_Dir   lcd.o
    0x08002274   0x08002274   0x0000009a   Code   RO           19    i.LCD_DrawLine      lcd.o
    0x0800230e   0x0800230e   0x00000002   PAD
    0x08002310   0x08002310   0x0000001c   Code   RO           20    i.LCD_DrawPoint     lcd.o
    0x0800232c   0x0800232c   0x000000d0   Code   RO           23    i.LCD_Fast_DrawPoint  lcd.o
    0x080023fc   0x080023fc   0x000024ec   Code   RO           25    i.LCD_Init          lcd.o
    0x080048e8   0x080048e8   0x00000014   Code   RO           26    i.LCD_RD_DATA       lcd.o
    0x080048fc   0x080048fc   0x00000050   Code   RO           29    i.LCD_SSD_BackLightSet  lcd.o
    0x0800494c   0x0800494c   0x00000180   Code   RO           30    i.LCD_Scan_Dir      lcd.o
    0x08004acc   0x08004acc   0x000000f4   Code   RO           31    i.LCD_SetCursor     lcd.o
    0x08004bc0   0x08004bc0   0x000000e4   Code   RO           33    i.LCD_ShowChar      lcd.o
    0x08004ca4   0x08004ca4   0x000000cc   Code   RO           34    i.LCD_ShowFloat     lcd.o
    0x08004d70   0x08004d70   0x00000076   Code   RO           35    i.LCD_ShowNum       lcd.o
    0x08004de6   0x08004de6   0x00000054   Code   RO           36    i.LCD_ShowString    lcd.o
    0x08004e3a   0x08004e3a   0x00000086   Code   RO           37    i.LCD_ShowxNum      lcd.o
    0x08004ec0   0x08004ec0   0x00000018   Code   RO           38    i.LCD_WR_DATA       lcd.o
    0x08004ed8   0x08004ed8   0x00000018   Code   RO           39    i.LCD_WR_REG        lcd.o
    0x08004ef0   0x08004ef0   0x00000014   Code   RO           41    i.LCD_WriteRAM_Prepare  lcd.o
    0x08004f04   0x08004f04   0x0000000c   Code   RO           42    i.LCD_WriteReg      lcd.o
    0x08004f10   0x08004f10   0x0000008c   Code   RO          810    i.MX_FSMC_Init      fsmc.o
    0x08004f9c   0x08004f9c   0x00000160   Code   RO          783    i.MX_GPIO_Init      gpio.o
    0x080050fc   0x080050fc   0x00000048   Code   RO          857    i.MX_SPI3_Init      spi.o
    0x08005144   0x08005144   0x00000038   Code   RO          899    i.MX_USART1_UART_Init  usart.o
    0x0800517c   0x0800517c   0x00000002   Code   RO          944    i.MemManage_Handler  stm32f4xx_it.o
    0x0800517e   0x0800517e   0x00000002   Code   RO          945    i.NMI_Handler       stm32f4xx_it.o
    0x08005180   0x08005180   0x00000002   Code   RO          946    i.PendSV_Handler    stm32f4xx_it.o
    0x08005182   0x08005182   0x00000044   Code   RO          432    i.PowerOnNormal     ads1292.o
    0x080051c6   0x080051c6   0x00000044   Code   RO          433    i.PowerOnTest       ads1292.o
    0x0800520a   0x0800520a   0x00000002   PAD
    0x0800520c   0x0800520c   0x0000006c   Code   RO         2571    i.SPI_EndRxTxTransaction  stm32f4xx_hal_spi.o
    0x08005278   0x08005278   0x000000b8   Code   RO         2576    i.SPI_WaitFlagStateUntilTimeout  stm32f4xx_hal_spi.o
    0x08005330   0x08005330   0x00000002   Code   RO          947    i.SVC_Handler       stm32f4xx_it.o
    0x08005332   0x08005332   0x00000004   Code   RO          948    i.SysTick_Handler   stm32f4xx_it.o
    0x08005336   0x08005336   0x00000002   PAD
    0x08005338   0x08005338   0x00000094   Code   RO          591    i.SystemClock_Config  main.o
    0x080053cc   0x080053cc   0x00000010   Code   RO         3208    i.SystemInit        system_stm32f4xx.o
    0x080053dc   0x080053dc   0x00000010   Code   RO         2887    i.UART_DMAAbortOnError  stm32f4xx_hal_uart.o
    0x080053ec   0x080053ec   0x0000004e   Code   RO         2897    i.UART_EndRxTransfer  stm32f4xx_hal_uart.o
    0x0800543a   0x0800543a   0x000000c2   Code   RO         2899    i.UART_Receive_IT   stm32f4xx_hal_uart.o
    0x080054fc   0x080054fc   0x0000010c   Code   RO         2900    i.UART_SetConfig    stm32f4xx_hal_uart.o
    0x08005608   0x08005608   0x00000072   Code   RO         2903    i.UART_WaitOnFlagUntilTimeout  stm32f4xx_hal_uart.o
    0x0800567a   0x0800567a   0x00000002   PAD
    0x0800567c   0x0800567c   0x0000000c   Code   RO          949    i.USART1_IRQHandler  stm32f4xx_it.o
    0x08005688   0x08005688   0x00000002   Code   RO          950    i.UsageFault_Handler  stm32f4xx_it.o
    0x0800568a   0x0800568a   0x00000010   Code   RO           43    i._LCD_Pow          lcd.o
    0x0800569a   0x0800569a   0x00000002   PAD
    0x0800569c   0x0800569c   0x00000020   Code   RO         9339    i.__0printf         mc_w.l(printfa.o)
    0x080056bc   0x080056bc   0x00000020   Code   RO         2132    i.__NVIC_SetPriority  stm32f4xx_hal_cortex.o
    0x080056dc   0x080056dc   0x0000000e   Code   RO         9473    i.__scatterload_copy  mc_w.l(handlers.o)
    0x080056ea   0x080056ea   0x00000002   Code   RO         9474    i.__scatterload_null  mc_w.l(handlers.o)
    0x080056ec   0x080056ec   0x0000000e   Code   RO         9475    i.__scatterload_zeroinit  mc_w.l(handlers.o)
    0x080056fa   0x080056fa   0x00000002   PAD
    0x080056fc   0x080056fc   0x00000184   Code   RO         9346    i._fp_digits        mc_w.l(printfa.o)
    0x08005880   0x08005880   0x000006b4   Code   RO         9347    i._printf_core      mc_w.l(printfa.o)
    0x08005f34   0x08005f34   0x00000024   Code   RO         9348    i._printf_post_padding  mc_w.l(printfa.o)
    0x08005f58   0x08005f58   0x0000002e   Code   RO         9349    i._printf_pre_padding  mc_w.l(printfa.o)
    0x08005f86   0x08005f86   0x000000a8   Code   RO         8206    i.arm_bitreversal_f32  transformfunctions.o
    0x0800602e   0x0800602e   0x0000003c   Code   RO         8223    i.arm_cfft_radix4_f32  transformfunctions.o
    0x0800606a   0x0800606a   0x00000002   PAD
    0x0800606c   0x0800606c   0x000000b0   Code   RO         8224    i.arm_cfft_radix4_init_f32  transformfunctions.o
    0x0800611c   0x0800611c   0x00000044   Code   RO         4173    i.arm_cmplx_mag_f32  complexmathfunctions.o
    0x08006160   0x08006160   0x00000144   Code   RO         8254    i.arm_radix4_butterfly_f32  transformfunctions.o
    0x080062a4   0x080062a4   0x00000216   Code   RO         8256    i.arm_radix4_butterfly_inverse_f32  transformfunctions.o
    0x080064ba   0x080064ba   0x00000002   PAD
    0x080064bc   0x080064bc   0x00000044   Code   RO          592    i.axis_drawing      main.o
    0x08006500   0x08006500   0x000000b0   Code   RO          338    i.calc_heartbeat_rate  firfilter.o
    0x080065b0   0x080065b0   0x0000004c   Code   RO          434    i.data_trans        ads1292.o
    0x080065fc   0x080065fc   0x0000000e   Code   RO           44    i.delay_us          lcd.o
    0x0800660a   0x0800660a   0x00000002   PAD
    0x0800660c   0x0800660c   0x00000018   Code   RO          595    i.fputc             main.o
    0x08006624   0x08006624   0x00000030   Code   RO          339    i.heartbeat_check   firfilter.o
    0x08006654   0x08006654   0x000000ac   Code   RO          597    i.main              main.o
    0x08006700   0x08006700   0x00000104   Code   RO          598    i.normal_mode       main.o
    0x08006804   0x08006804   0x00000010   Code   RO          538    i.queueInit         queue.o
    0x08006814   0x08006814   0x00000034   Code   RO          539    i.queuePop          queue.o
    0x08006848   0x08006848   0x00000026   Code   RO          541    i.queuePush         queue.o
    0x0800686e   0x0800686e   0x00000002   PAD
    0x08006870   0x08006870   0x00000040   Code   RO          599    i.test_mode         main.o
    0x080068b0   0x080068b0   0x00004740   Data   RO           47    .constdata          lcd.o
    0x0800aff0   0x0800aff0   0x00000010   Data   RO         3209    .constdata          system_stm32f4xx.o
    0x0800b000   0x0800b000   0x00000008   Data   RO         3210    .constdata          system_stm32f4xx.o
    0x0800b008   0x0800b008   0x00000800   Data   RO         3918    .constdata          commontables.o
    0x0800b808   0x0800b808   0x00008000   Data   RO         3936    .constdata          commontables.o
    0x08013808   0x08013808   0x00000020   Data   RO         9471    Region$$Table       anon$$obj.o


    Execution Region RW_IRAM1 (Exec base: 0x20000000, Load base: 0x08013828, Size: 0x00004a68, Max: 0x0001c000, ABSOLUTE, COMPRESSED[0x00000384])

    Exec Addr    Load Addr    Size         Type   Attr      Idx    E Section Name        Object

    0x20000000   COMPRESSED   0x00000008   Data   RW           48    .data               lcd.o
    0x20000008   COMPRESSED   0x00000538   Data   RW          342    .data               firfilter.o
    0x20000540   COMPRESSED   0x00000014   Data   RW          395    .data               iirfilter.o
    0x20000554   COMPRESSED   0x00000010   Data   RW          438    .data               ads1292.o
    0x20000564   COMPRESSED   0x00000004   PAD
    0x20000568   COMPRESSED   0x00000020   Data   RW          602    .data               main.o
    0x20000588   COMPRESSED   0x00000008   Data   RW          812    .data               fsmc.o
    0x20000590   COMPRESSED   0x0000000c   Data   RW         2291    .data               stm32f4xx_hal.o
    0x2000059c   COMPRESSED   0x00000004   Data   RW         3211    .data               system_stm32f4xx.o
    0x200005a0   COMPRESSED   0x00000004   Data   RW         9446    .data               mc_w.l(stdout.o)
    0x200005a4        -       0x0000000e   Zero   RW           46    .bss                lcd.o
    0x200005b2   COMPRESSED   0x00000006   PAD
    0x200005b8        -       0x000007a0   Zero   RW          340    .bss                firfilter.o
    0x20000d58        -       0x00000009   Zero   RW          436    .bss                ads1292.o
    0x20000d61   COMPRESSED   0x00000003   PAD
    0x20000d64        -       0x00003814   Zero   RW          600    .bss                main.o
    0x20004578        -       0x00000050   Zero   RW          811    .bss                fsmc.o
    0x200045c8        -       0x00000058   Zero   RW          858    .bss                spi.o
    0x20004620        -       0x00000048   Zero   RW          900    .bss                usart.o
    0x20004668        -       0x00000400   Zero   RW            1    STACK               startup_stm32f407xx.o


    Execution Region RW_IRAM2 (Exec base: 0x2001c000, Load base: 0x08013bac, Size: 0x00000000, Max: 0x00004000, ABSOLUTE)

    **** No section assigned to this execution region ****


==============================================================================

Image component sizes


      Code (inc. data)   RO Data    RW Data    ZI Data      Debug   Object Name

       700         66          0         16          9       6709   ads1292.o
         0          0      34816          0          0      13433   commontables.o
        68          6          0          0          0       1936   complexmathfunctions.o
       648         94          0       1336       1952       4160   firfilter.o
       312         34          0          8         80       2263   fsmc.o
       352         20          0          0          0       1163   gpio.o
        56          6          0         20          0        887   iirfilter.o
     11684        118      18240          8         14     702509   lcd.o
      1360        192          0         32      14356      14039   main.o
       106          0          0          0          0       2403   queue.o
       180         24          0          0         88       1669   spi.o
        36          8        392          0       1024        832   startup_stm32f407xx.o
       180         28          0         12          0       9369   stm32f4xx_hal.o
       232         14          0          0          0      34477   stm32f4xx_hal_cortex.o
       182          0          0          0          0       2087   stm32f4xx_hal_dma.o
       540         52          0          0          0       3458   stm32f4xx_hal_gpio.o
        48          6          0          0          0        850   stm32f4xx_hal_msp.o
      1348         76          0          0          0       5208   stm32f4xx_hal_rcc.o
       976         14          0          0          0       4877   stm32f4xx_hal_spi.o
        92          0          0          0          0       1220   stm32f4xx_hal_sram.o
      1562         16          0          0          0      10476   stm32f4xx_hal_uart.o
        70         12          0          0          0       5544   stm32f4xx_it.o
       232         14          0          0          0       3927   stm32f4xx_ll_fsmc.o
        16          4         24          4          0       1115   system_stm32f4xx.o
      1262         32          0          0          0       7053   transformfunctions.o
       180         22          0          0         72       1698   usart.o

    ----------------------------------------------------------------------
     22446        858      53504       1440      17604     843362   Object Totals
         0          0         32          0          0          0   (incl. Generated)
        24          0          0          4          9          0   (incl. Padding)

    ----------------------------------------------------------------------

      Code (inc. data)   RO Data    RW Data    ZI Data      Debug   Library Member Name

        94          0          0          0          0          0   __dclz77c.o
         0          0          0          0          0          0   entry.o
         0          0          0          0          0          0   entry10a.o
         0          0          0          0          0          0   entry11a.o
         4          0          0          0          0          0   entry12b.o
         8          4          0          0          0          0   entry2.o
         4          0          0          0          0          0   entry5.o
         0          0          0          0          0          0   entry7b.o
         0          0          0          0          0          0   entry8b.o
         8          4          0          0          0          0   entry9a.o
        30          0          0          0          0          0   handlers.o
        36          8          0          0          0         68   init.o
         0          0          0          0          0          0   iusefp.o
        30          0          0          0          0         68   llshl.o
        36          0          0          0          0         68   llsshr.o
        32          0          0          0          0         68   llushr.o
        36          0          0          0          0        108   memseta.o
      2218         90          0          0          0        464   printfa.o
         0          0          0          4          0          0   stdout.o
        44          0          0          0          0         80   uidiv.o
        98          0          0          0          0         92   uldiv.o
        48          0          0          0          0         68   cdrcmple.o
       334          0          0          0          0        148   dadd.o
       222          0          0          0          0        100   ddiv.o
       186          0          0          0          0        176   depilogue.o
        62          0          0          0          0         80   dfixi.o
        50          0          0          0          0         76   dfixui.o
        48          0          0          0          0         68   dfixul.o
        34          0          0          0          0         76   dflti.o
        26          0          0          0          0         76   dfltui.o
       228          0          0          0          0         96   dmul.o
        38          0          0          0          0         68   f2d.o

    ----------------------------------------------------------------------
      3962        106          0          4          0       2048   Library Totals
         8          0          0          0          0          0   (incl. Padding)

    ----------------------------------------------------------------------

      Code (inc. data)   RO Data    RW Data    ZI Data      Debug   Library Name

      2678        106          0          4          0       1016   mc_w.l
      1276          0          0          0          0       1032   mf_w.l

    ----------------------------------------------------------------------
      3962        106          0          4          0       2048   Library Totals

    ----------------------------------------------------------------------

==============================================================================


      Code (inc. data)   RO Data    RW Data    ZI Data      Debug   

     26408        964      53504       1444      17604     833954   Grand Totals
     26408        964      53504        900      17604     833954   ELF Image Totals (compressed)
     26408        964      53504        900          0          0   ROM Totals

==============================================================================

    Total RO  Size (Code + RO Data)                79912 (  78.04kB)
    Total RW  Size (RW Data + ZI Data)             19048 (  18.60kB)
    Total ROM Size (Code + RO Data + RW Data)      80812 (  78.92kB)

==============================================================================

